{"timestamp":"2026-10-08T10:37:28.301Z","level":"info","pid":252,"runner":"pid-252","prefix":"Gauge","message":"Step START: using browser"}
{"timestamp":"2026-10-08T10:37:28.406Z","level":"info","pid":252,"runner":"pid-252","prefix":"Gauge","message":"Step PASS: using browser","args":[{"durationMs":105}]}
{"timestamp":"2026-10-08T10:37:28.409Z","level":"info","pid":252,"runner":"pid-252","prefix":"Gauge","message":"Step START: ensuring user is not logged in"}
{"timestamp":"2026-10-08T10:37:28.412Z","level":"info","pid":252,"runner":"pid-252","prefix":"Gauge","message":"Step PASS: ensuring user is not logged in","args":[{"durationMs":3}]}
{"timestamp":"2026-10-08T10:37:28.413Z","level":"info","pid":252,"runner":"pid-252","prefix":"Gauge","message":"Step START: logging in as user <userAlias>"}
{"timestamp":"2026-10-08T10:37:30.548Z","level":"info","pid":252,"runner":"pid-252","prefix":"Gauge","message":"Step PASS: logging in as user <userAlias>","args":[{"durationMs":2135}]}
{"timestamp":"2026-10-08T10:37:30.552Z","level":"info","pid":252,"runner":"pid-252","prefix":"Gauge","message":"Step START: verifying user is redirected to \"/ai/chat/new\""}
{"timestamp":"2026-10-08T10:37:31.106Z","level":"info","pid":252,"runner":"pid-252","prefix":"Gauge","message":"Step PASS: verifying user is redirected to \"/ai/chat/new\"","args":[{"durationMs":554}]}
{"timestamp":"2026-10-08T10:37:31.111Z","level":"info","pid":252,"runner":"pid-252","prefix":"Gauge","message":"Step START: skipping xyne-ai-onboarding overlay"}
{"timestamp":"2026-10-08T10:37:31.124Z","level":"info","pid":252,"runner":"pid-252","prefix":"Gauge","message":"Step PASS: skipping xyne-ai-onboarding overlay","args":[{"durationMs":13}]}
{"timestamp":"2026-10-08T10:37:31.127Z","level":"info","pid":252,"runner":"pid-252","prefix":"Gauge","message":"Step START: ensuring project <projectAlias> exists in fixture for user <userAlias>"}
{"timestamp":"2026-10-08T10:37:31.129Z","level":"info","pid":252,"runner":"pid-252","prefix":"Gauge","message":"Step PASS: ensuring project <projectAlias> exists in fixture for user <userAlias>","args":[{"durationMs":2}]}
{"timestamp":"2026-10-08T10:37:31.131Z","level":"info","pid":252,"runner":"pid-252","prefix":"Gauge","message":"Step START: configuring mock Desk shared mailbox for user <userAlias>"}
{"timestamp":"2026-10-08T10:37:31.190Z","level":"info","pid":252,"runner":"pid-252","prefix":"Gauge","message":"Step PASS: configuring mock Desk shared mailbox for user <userAlias>","args":[{"durationMs":59}]}
{"timestamp":"2026-10-08T10:37:31.199Z","level":"info","pid":252,"runner":"pid-252","prefix":"Gauge","message":"Step START: creating mock DL Desk channel <channelAlias> for user <userAlias> in project <projectAlias>"}
{"timestamp":"2026-10-08T10:37:31.277Z","level":"info","pid":252,"runner":"pid-252","prefix":"Gauge","message":"Step PASS: creating mock DL Desk channel <channelAlias> for user <userAlias> in project <projectAlias>","args":[{"durationMs":78}]}
{"timestamp":"2026-10-08T10:37:31.278Z","level":"info","pid":252,"runner":"pid-252","prefix":"Gauge","message":"Step START: clearing mock Desk sent mails for channel \"channel-desk-dl-happy-flow\" user \"admin-1\""}
{"timestamp":"2026-10-08T10:37:31.286Z","level":"info","pid":252,"runner":"pid-252","prefix":"Gauge","message":"Step PASS: clearing mock Desk sent mails for channel \"channel-desk-dl-happy-flow\" user \"admin-1\"","args":[{"durationMs":8}]}
{"timestamp":"2026-10-08T10:37:31.288Z","level":"info","pid":252,"runner":"pid-252","prefix":"Gauge","message":"Step START: generating mock incoming Desk email \"customer-mail-1\""}
{"timestamp":"2026-10-08T10:37:31.290Z","level":"info","pid":252,"runner":"pid-252","prefix":"Gauge","message":"Step PASS: generating mock incoming Desk email \"customer-mail-1\"","args":[{"durationMs":2}]}
{"timestamp":"2026-10-08T10:37:31.291Z","level":"info","pid":252,"runner":"pid-252","prefix":"Gauge","message":"Step START: injecting mock incoming Desk email \"customer-mail-1\" into channel \"channel-desk-dl-happy-flow\" for user \"admin-1\""}
{"timestamp":"2026-10-08T10:37:31.427Z","level":"info","pid":252,"runner":"pid-252","prefix":"Gauge","message":"Step PASS: injecting mock incoming Desk email \"customer-mail-1\" into channel \"channel-desk-dl-happy-flow\" for user \"admin-1\"","args":[{"durationMs":136}]}
{"timestamp":"2026-10-08T10:37:31.430Z","level":"info","pid":252,"runner":"pid-252","prefix":"Gauge","message":"Step START: verifying mock Desk email \"customer-mail-1\" was ingested"}
{"timestamp":"2026-10-08T10:37:31.444Z","level":"info","pid":252,"runner":"pid-252","prefix":"Gauge","message":"Step PASS: verifying mock Desk email \"customer-mail-1\" was ingested","args":[{"durationMs":14}]}
{"timestamp":"2026-10-08T10:37:31.445Z","level":"info","pid":252,"runner":"pid-252","prefix":"Gauge","message":"Step START: replying to mock Desk email \"customer-mail-1\" from channel \"channel-desk-dl-happy-flow\" for user \"admin-1\""}
{"timestamp":"2026-10-08T10:37:39.662Z","level":"info","pid":252,"runner":"pid-252","prefix":"Gauge","message":"Step PASS: replying to mock Desk email \"customer-mail-1\" from channel \"channel-desk-dl-happy-flow\" for user \"admin-1\"","args":[{"durationMs":8217}]}
{"timestamp":"2026-10-08T10:37:39.666Z","level":"info","pid":252,"runner":"pid-252","prefix":"Gauge","message":"Step START: verifying mock Desk sent mail count is \"1\" for incoming email \"customer-mail-1\""}
{"timestamp":"2026-10-08T10:37:39.686Z","level":"info","pid":252,"runner":"pid-252","prefix":"Gauge","message":"Step PASS: verifying mock Desk sent mail count is \"1\" for incoming email \"customer-mail-1\"","args":[{"durationMs":20}]}
{"timestamp":"2026-10-08T10:37:39.688Z","level":"info","pid":252,"runner":"pid-252","prefix":"Gauge","message":"Step START: verifying latest mock Desk sent mail matches incoming email \"customer-mail-1\""}
{"timestamp":"2026-10-08T10:37:39.703Z","level":"info","pid":252,"runner":"pid-252","prefix":"Gauge","message":"Step PASS: verifying latest mock Desk sent mail matches incoming email \"customer-mail-1\"","args":[{"durationMs":15}]}
{"timestamp":"2026-10-08T10:37:39.726Z","level":"info","pid":252,"runner":"pid-252","prefix":"Gauge","message":"Step START: using browser"}
{"timestamp":"2026-10-08T10:37:39.727Z","level":"info","pid":252,"runner":"pid-252","prefix":"Gauge","message":"Reusing idle browser from pool","args":[{"browserType":"chromium"}]}
{"timestamp":"2026-10-08T10:37:39.750Z","level":"info","pid":252,"runner":"pid-252","prefix":"Gauge","message":"Step PASS: using browser","args":[{"durationMs":24}]}
{"timestamp":"2026-10-08T10:37:39.752Z","level":"info","pid":252,"runner":"pid-252","prefix":"Gauge","message":"Step START: ensuring user is not logged in"}
{"timestamp":"2026-10-08T10:37:39.756Z","level":"info","pid":252,"runner":"pid-252","prefix":"Gauge","message":"Step PASS: ensuring user is not logged in","args":[{"durationMs":4}]}
{"timestamp":"2026-10-08T10:37:39.757Z","level":"info","pid":252,"runner":"pid-252","prefix":"Gauge","message":"Step START: logging in as user <userAlias>"}
{"timestamp":"2026-10-08T10:37:41.948Z","level":"info","pid":252,"runner":"pid-252","prefix":"Gauge","message":"Step PASS: logging in as user <userAlias>","args":[{"durationMs":2191}]}
{"timestamp":"2026-10-08T10:37:41.951Z","level":"info","pid":252,"runner":"pid-252","prefix":"Gauge","message":"Step START: verifying user is redirected to \"/ai/chat/new\""}
{"timestamp":"2026-10-08T10:37:42.448Z","level":"info","pid":252,"runner":"pid-252","prefix":"Gauge","message":"Step PASS: verifying user is redirected to \"/ai/chat/new\"","args":[{"durationMs":497}]}
{"timestamp":"2026-10-08T10:37:42.450Z","level":"info","pid":252,"runner":"pid-252","prefix":"Gauge","message":"Step START: skipping xyne-ai-onboarding overlay"}
{"timestamp":"2026-10-08T10:37:42.458Z","level":"info","pid":252,"runner":"pid-252","prefix":"Gauge","message":"Step PASS: skipping xyne-ai-onboarding overlay","args":[{"durationMs":8}]}
{"timestamp":"2026-10-08T10:37:42.462Z","level":"info","pid":252,"runner":"pid-252","prefix":"Gauge","message":"Step START: configuring mock Desk shared mailbox for user \"admin-1\""}
{"timestamp":"2026-10-08T10:37:42.494Z","level":"info","pid":252,"runner":"pid-252","prefix":"Gauge","message":"Step PASS: configuring mock Desk shared mailbox for user \"admin-1\"","args":[{"durationMs":32}]}
{"timestamp":"2026-10-08T10:37:42.497Z","level":"info","pid":252,"runner":"pid-252","prefix":"Gauge","message":"Step START: ensuring user is not logged in"}
{"timestamp":"2026-10-08T10:37:42.522Z","level":"info","pid":252,"runner":"pid-252","prefix":"Gauge","message":"Step PASS: ensuring user is not logged in","args":[{"durationMs":25}]}
{"timestamp":"2026-10-08T10:37:42.523Z","level":"info","pid":252,"runner":"pid-252","prefix":"Gauge","message":"Step START: logging in as user <userAlias>"}
{"timestamp":"2026-10-08T10:37:43.088Z","level":"info","pid":252,"runner":"pid-252","prefix":"Gauge","message":"Step PASS: logging in as user <userAlias>","args":[{"durationMs":565}]}
{"timestamp":"2026-10-08T10:37:43.090Z","level":"info","pid":252,"runner":"pid-252","prefix":"Gauge","message":"Step START: verifying user is redirected to \"/ai/chat/new\""}
{"timestamp":"2026-10-08T10:37:43.425Z","level":"info","pid":252,"runner":"pid-252","prefix":"Gauge","message":"Step PASS: verifying user is redirected to \"/ai/chat/new\"","args":[{"durationMs":335}]}
{"timestamp":"2026-10-08T10:37:43.427Z","level":"info","pid":252,"runner":"pid-252","prefix":"Gauge","message":"Step START: skipping xyne-ai-onboarding overlay"}
{"timestamp":"2026-10-08T10:37:43.437Z","level":"info","pid":252,"runner":"pid-252","prefix":"Gauge","message":"Step PASS: skipping xyne-ai-onboarding overlay","args":[{"durationMs":10}]}
{"timestamp":"2026-10-08T10:37:43.440Z","level":"info","pid":252,"runner":"pid-252","prefix":"Gauge","message":"Step START: verifying user \"user-2\" cannot configure mock Desk shared mailbox"}
{"timestamp":"2026-10-08T10:37:43.478Z","level":"info","pid":252,"runner":"pid-252","prefix":"Gauge","message":"Step PASS: verifying user \"user-2\" cannot configure mock Desk shared mailbox","args":[{"durationMs":38}]}
{"timestamp":"2026-10-08T10:37:43.498Z","level":"info","pid":252,"runner":"pid-252","prefix":"Gauge","message":"Step START: using browser"}
{"timestamp":"2026-10-08T10:37:43.501Z","level":"info","pid":252,"runner":"pid-252","prefix":"Gauge","message":"Reusing idle browser from pool","args":[{"browserType":"chromium"}]}
{"timestamp":"2026-10-08T10:37:43.526Z","level":"info","pid":252,"runner":"pid-252","prefix":"Gauge","message":"Step PASS: using browser","args":[{"durationMs":28}]}
{"timestamp":"2026-10-08T10:37:43.528Z","level":"info","pid":252,"runner":"pid-252","prefix":"Gauge","message":"Step START: ensuring user is not logged in"}
{"timestamp":"2026-10-08T10:37:43.534Z","level":"info","pid":252,"runner":"pid-252","prefix":"Gauge","message":"Step PASS: ensuring user is not logged in","args":[{"durationMs":5}]}
{"timestamp":"2026-10-08T10:37:43.535Z","level":"info","pid":252,"runner":"pid-252","prefix":"Gauge","message":"Step START: logging in as user <userAlias>"}
{"timestamp":"2026-10-08T10:37:45.798Z","level":"info","pid":252,"runner":"pid-252","prefix":"Gauge","message":"Step PASS: logging in as user <userAlias>","args":[{"durationMs":2263}]}
{"timestamp":"2026-10-08T10:37:45.802Z","level":"info","pid":252,"runner":"pid-252","prefix":"Gauge","message":"Step START: verifying user is redirected to \"/ai/chat/new\""}
{"timestamp":"2026-10-08T10:37:46.333Z","level":"info","pid":252,"runner":"pid-252","prefix":"Gauge","message":"Step PASS: verifying user is redirected to \"/ai/chat/new\"","args":[{"durationMs":531}]}
{"timestamp":"2026-10-08T10:37:46.336Z","level":"info","pid":252,"runner":"pid-252","prefix":"Gauge","message":"Step START: skipping xyne-ai-onboarding overlay"}
{"timestamp":"2026-10-08T10:37:46.345Z","level":"info","pid":252,"runner":"pid-252","prefix":"Gauge","message":"Step PASS: skipping xyne-ai-onboarding overlay","args":[{"durationMs":9}]}
{"timestamp":"2026-10-08T10:37:46.347Z","level":"info","pid":252,"runner":"pid-252","prefix":"Gauge","message":"Step START: ensuring project <projectAlias> exists in fixture for user <userAlias>"}
{"timestamp":"2026-10-08T10:37:46.349Z","level":"info","pid":252,"runner":"pid-252","prefix":"Gauge","message":"Step PASS: ensuring project <projectAlias> exists in fixture for user <userAlias>","args":[{"durationMs":2}]}
{"timestamp":"2026-10-08T10:37:46.353Z","level":"info","pid":252,"runner":"pid-252","prefix":"Gauge","message":"Step START: configuring mock Desk shared mailbox for user <userAlias>"}
{"timestamp":"2026-10-08T10:37:46.390Z","level":"info","pid":252,"runner":"pid-252","prefix":"Gauge","message":"Step PASS: configuring mock Desk shared mailbox for user <userAlias>","args":[{"durationMs":37}]}
{"timestamp":"2026-10-08T10:37:46.392Z","level":"info","pid":252,"runner":"pid-252","prefix":"Gauge","message":"Step START: creating mock DL Desk channel <channelAlias> for user <userAlias> in project <projectAlias>"}
{"timestamp":"2026-10-08T10:37:46.506Z","level":"info","pid":252,"runner":"pid-252","prefix":"Gauge","message":"Step PASS: creating mock DL Desk channel <channelAlias> for user <userAlias> in project <projectAlias>","args":[{"durationMs":114}]}
{"timestamp":"2026-10-08T10:37:46.509Z","level":"info","pid":252,"runner":"pid-252","prefix":"Gauge","message":"Step START: ensuring project <projectAlias> exists in fixture for user <userAlias>"}
{"timestamp":"2026-10-08T10:37:46.512Z","level":"info","pid":252,"runner":"pid-252","prefix":"Gauge","message":"Step PASS: ensuring project <projectAlias> exists in fixture for user <userAlias>","args":[{"durationMs":3}]}
{"timestamp":"2026-10-08T10:37:46.514Z","level":"info","pid":252,"runner":"pid-252","prefix":"Gauge","message":"Step START: configuring mock Desk shared mailbox for user <userAlias>"}
{"timestamp":"2026-10-08T10:37:46.531Z","level":"info","pid":252,"runner":"pid-252","prefix":"Gauge","message":"Step PASS: configuring mock Desk shared mailbox for user <userAlias>","args":[{"durationMs":17}]}
{"timestamp":"2026-10-08T10:37:46.533Z","level":"info","pid":252,"runner":"pid-252","prefix":"Gauge","message":"Step START: creating mock DL Desk channel <channelAlias> for user <userAlias> in project <projectAlias>"}
{"timestamp":"2026-10-08T10:37:46.593Z","level":"info","pid":252,"runner":"pid-252","prefix":"Gauge","message":"Step PASS: creating mock DL Desk channel <channelAlias> for user <userAlias> in project <projectAlias>","args":[{"durationMs":60}]}
{"timestamp":"2026-10-08T10:37:46.595Z","level":"info","pid":252,"runner":"pid-252","prefix":"Gauge","message":"Step START: ensuring project <projectAlias> exists in fixture for user <userAlias>"}
{"timestamp":"2026-10-08T10:37:46.597Z","level":"info","pid":252,"runner":"pid-252","prefix":"Gauge","message":"Step PASS: ensuring project <projectAlias> exists in fixture for user <userAlias>","args":[{"durationMs":2}]}
{"timestamp":"2026-10-08T10:37:46.599Z","level":"info","pid":252,"runner":"pid-252","prefix":"Gauge","message":"Step START: configuring mock Desk shared mailbox for user <userAlias>"}
{"timestamp":"2026-10-08T10:37:46.659Z","level":"info","pid":252,"runner":"pid-252","prefix":"Gauge","message":"Step PASS: configuring mock Desk shared mailbox for user <userAlias>","args":[{"durationMs":60}]}
{"timestamp":"2026-10-08T10:37:46.661Z","level":"info","pid":252,"runner":"pid-252","prefix":"Gauge","message":"Step START: creating mock DL Desk channel <channelAlias> for user <userAlias> in project <projectAlias>"}
{"timestamp":"2026-10-08T10:37:46.745Z","level":"info","pid":252,"runner":"pid-252","prefix":"Gauge","message":"Step PASS: creating mock DL Desk channel <channelAlias> for user <userAlias> in project <projectAlias>","args":[{"durationMs":84}]}
{"timestamp":"2026-10-08T10:37:46.749Z","level":"info","pid":252,"runner":"pid-252","prefix":"Gauge","message":"Step START: generating mock incoming Desk email \"routing-mail-a\""}
{"timestamp":"2026-10-08T10:37:46.755Z","level":"info","pid":252,"runner":"pid-252","prefix":"Gauge","message":"Step PASS: generating mock incoming Desk email \"routing-mail-a\"","args":[{"durationMs":6}]}
{"timestamp":"2026-10-08T10:37:46.760Z","level":"info","pid":252,"runner":"pid-252","prefix":"Gauge","message":"Step START: generating mock incoming Desk email \"routing-mail-b\""}
{"timestamp":"2026-10-08T10:37:46.766Z","level":"info","pid":252,"runner":"pid-252","prefix":"Gauge","message":"Step PASS: generating mock incoming Desk email \"routing-mail-b\"","args":[{"durationMs":6}]}
{"timestamp":"2026-10-08T10:37:46.768Z","level":"info","pid":252,"runner":"pid-252","prefix":"Gauge","message":"Step START: generating mock incoming Desk email \"routing-mail-c\""}
{"timestamp":"2026-10-08T10:37:46.770Z","level":"info","pid":252,"runner":"pid-252","prefix":"Gauge","message":"Step PASS: generating mock incoming Desk email \"routing-mail-c\"","args":[{"durationMs":2}]}
{"timestamp":"2026-10-08T10:37:46.772Z","level":"info","pid":252,"runner":"pid-252","prefix":"Gauge","message":"Step START: injecting mock incoming Desk email \"routing-mail-a\" into channel \"channel-desk-dl-routing-a\" for user \"admin-1\""}
{"timestamp":"2026-10-08T10:37:46.986Z","level":"info","pid":252,"runner":"pid-252","prefix":"Gauge","message":"Step PASS: injecting mock incoming Desk email \"routing-mail-a\" into channel \"channel-desk-dl-routing-a\" for user \"admin-1\"","args":[{"durationMs":214}]}
{"timestamp":"2026-10-08T10:37:46.988Z","level":"info","pid":252,"runner":"pid-252","prefix":"Gauge","message":"Step START: injecting mock incoming Desk email \"routing-mail-b\" into channel \"channel-desk-dl-routing-b\" for user \"admin-1\""}
{"timestamp":"2026-10-08T10:37:47.080Z","level":"info","pid":252,"runner":"pid-252","prefix":"Gauge","message":"Step PASS: injecting mock incoming Desk email \"routing-mail-b\" into channel \"channel-desk-dl-routing-b\" for user \"admin-1\"","args":[{"durationMs":92}]}
{"timestamp":"2026-10-08T10:37:47.082Z","level":"info","pid":252,"runner":"pid-252","prefix":"Gauge","message":"Step START: injecting mock incoming Desk email \"routing-mail-c\" into channel \"channel-desk-dl-routing-c\" for user \"admin-1\""}
{"timestamp":"2026-10-08T10:37:47.211Z","level":"info","pid":252,"runner":"pid-252","prefix":"Gauge","message":"Step PASS: injecting mock incoming Desk email \"routing-mail-c\" into channel \"channel-desk-dl-routing-c\" for user \"admin-1\"","args":[{"durationMs":129}]}
{"timestamp":"2026-10-08T10:37:47.213Z","level":"info","pid":252,"runner":"pid-252","prefix":"Gauge","message":"Step START: verifying mock Desk email \"routing-mail-a\" was ingested"}
{"timestamp":"2026-10-08T10:37:47.229Z","level":"info","pid":252,"runner":"pid-252","prefix":"Gauge","message":"Step PASS: verifying mock Desk email \"routing-mail-a\" was ingested","args":[{"durationMs":16}]}
{"timestamp":"2026-10-08T10:37:47.232Z","level":"info","pid":252,"runner":"pid-252","prefix":"Gauge","message":"Step START: verifying mock Desk email \"routing-mail-b\" was ingested"}
{"timestamp":"2026-10-08T10:37:47.251Z","level":"info","pid":252,"runner":"pid-252","prefix":"Gauge","message":"Step PASS: verifying mock Desk email \"routing-mail-b\" was ingested","args":[{"durationMs":19}]}
{"timestamp":"2026-10-08T10:37:47.254Z","level":"info","pid":252,"runner":"pid-252","prefix":"Gauge","message":"Step START: verifying mock Desk email \"routing-mail-c\" was ingested"}
{"timestamp":"2026-10-08T10:37:47.275Z","level":"info","pid":252,"runner":"pid-252","prefix":"Gauge","message":"Step PASS: verifying mock Desk email \"routing-mail-c\" was ingested","args":[{"durationMs":21}]}
{"timestamp":"2026-10-08T10:37:47.278Z","level":"info","pid":252,"runner":"pid-252","prefix":"Gauge","message":"Step START: verifying Desk channel \"channel-desk-dl-routing-a\" does not contain email \"routing-mail-b\" for user \"admin-1\""}
{"timestamp":"2026-10-08T10:37:47.292Z","level":"info","pid":252,"runner":"pid-252","prefix":"Gauge","message":"Step PASS: verifying Desk channel \"channel-desk-dl-routing-a\" does not contain email \"routing-mail-b\" for user \"admin-1\"","args":[{"durationMs":14}]}
{"timestamp":"2026-10-08T10:37:47.294Z","level":"info","pid":252,"runner":"pid-252","prefix":"Gauge","message":"Step START: verifying Desk channel \"channel-desk-dl-routing-a\" does not contain email \"routing-mail-c\" for user \"admin-1\""}
{"timestamp":"2026-10-08T10:37:47.304Z","level":"info","pid":252,"runner":"pid-252","prefix":"Gauge","message":"Step PASS: verifying Desk channel \"channel-desk-dl-routing-a\" does not contain email \"routing-mail-c\" for user \"admin-1\"","args":[{"durationMs":10}]}
{"timestamp":"2026-10-08T10:37:47.306Z","level":"info","pid":252,"runner":"pid-252","prefix":"Gauge","message":"Step START: verifying Desk channel \"channel-desk-dl-routing-b\" does not contain email \"routing-mail-a\" for user \"admin-1\""}
{"timestamp":"2026-10-08T10:37:47.319Z","level":"info","pid":252,"runner":"pid-252","prefix":"Gauge","message":"Step PASS: verifying Desk channel \"channel-desk-dl-routing-b\" does not contain email \"routing-mail-a\" for user \"admin-1\"","args":[{"durationMs":13}]}
{"timestamp":"2026-10-08T10:37:47.321Z","level":"info","pid":252,"runner":"pid-252","prefix":"Gauge","message":"Step START: verifying Desk channel \"channel-desk-dl-routing-b\" does not contain email \"routing-mail-c\" for user \"admin-1\""}
{"timestamp":"2026-10-08T10:37:47.335Z","level":"info","pid":252,"runner":"pid-252","prefix":"Gauge","message":"Step PASS: verifying Desk channel \"channel-desk-dl-routing-b\" does not contain email \"routing-mail-c\" for user \"admin-1\"","args":[{"durationMs":14}]}
{"timestamp":"2026-10-08T10:37:47.336Z","level":"info","pid":252,"runner":"pid-252","prefix":"Gauge","message":"Step START: verifying Desk channel \"channel-desk-dl-routing-c\" does not contain email \"routing-mail-a\" for user \"admin-1\""}
{"timestamp":"2026-10-08T10:37:47.352Z","level":"info","pid":252,"runner":"pid-252","prefix":"Gauge","message":"Step PASS: verifying Desk channel \"channel-desk-dl-routing-c\" does not contain email \"routing-mail-a\" for user \"admin-1\"","args":[{"durationMs":16}]}
{"timestamp":"2026-10-08T10:37:47.355Z","level":"info","pid":252,"runner":"pid-252","prefix":"Gauge","message":"Step START: verifying Desk channel \"channel-desk-dl-routing-c\" does not contain email \"routing-mail-b\" for user \"admin-1\""}
{"timestamp":"2026-10-08T10:37:47.372Z","level":"info","pid":252,"runner":"pid-252","prefix":"Gauge","message":"Step PASS: verifying Desk channel \"channel-desk-dl-routing-c\" does not contain email \"routing-mail-b\" for user \"admin-1\"","args":[{"durationMs":17}]}
{"timestamp":"2026-10-08T10:37:47.392Z","level":"info","pid":252,"runner":"pid-252","prefix":"Gauge","message":"Step START: using browser"}
{"timestamp":"2026-10-08T10:37:47.393Z","level":"info","pid":252,"runner":"pid-252","prefix":"Gauge","message":"Reusing idle browser from pool","args":[{"browserType":"chromium"}]}
{"timestamp":"2026-10-08T10:37:47.418Z","level":"info","pid":252,"runner":"pid-252","prefix":"Gauge","message":"Step PASS: using browser","args":[{"durationMs":26}]}
{"timestamp":"2026-10-08T10:37:47.423Z","level":"info","pid":252,"runner":"pid-252","prefix":"Gauge","message":"Step START: ensuring user is not logged in"}
{"timestamp":"2026-10-08T10:37:47.427Z","level":"info","pid":252,"runner":"pid-252","prefix":"Gauge","message":"Step PASS: ensuring user is not logged in","args":[{"durationMs":4}]}
{"timestamp":"2026-10-08T10:37:47.428Z","level":"info","pid":252,"runner":"pid-252","prefix":"Gauge","message":"Step START: logging in as user <userAlias>"}
{"timestamp":"2026-10-08T10:37:49.608Z","level":"info","pid":252,"runner":"pid-252","prefix":"Gauge","message":"Step PASS: logging in as user <userAlias>","args":[{"durationMs":2180}]}
{"timestamp":"2026-10-08T10:37:49.611Z","level":"info","pid":252,"runner":"pid-252","prefix":"Gauge","message":"Step START: verifying user is redirected to \"/ai/chat/new\""}
{"timestamp":"2026-10-08T10:37:49.941Z","level":"info","pid":252,"runner":"pid-252","prefix":"Gauge","message":"Step PASS: verifying user is redirected to \"/ai/chat/new\"","args":[{"durationMs":330}]}
{"timestamp":"2026-10-08T10:37:49.943Z","level":"info","pid":252,"runner":"pid-252","prefix":"Gauge","message":"Step START: skipping xyne-ai-onboarding overlay"}
{"timestamp":"2026-10-08T10:37:49.951Z","level":"info","pid":252,"runner":"pid-252","prefix":"Gauge","message":"Step PASS: skipping xyne-ai-onboarding overlay","args":[{"durationMs":8}]}
{"timestamp":"2026-10-08T10:37:49.952Z","level":"info","pid":252,"runner":"pid-252","prefix":"Gauge","message":"Step START: resetting mock DL provider state"}
{"timestamp":"2026-10-08T10:37:49.968Z","level":"info","pid":252,"runner":"pid-252","prefix":"Gauge","message":"Step PASS: resetting mock DL provider state","args":[{"durationMs":16}]}
{"timestamp":"2026-10-08T10:37:49.969Z","level":"info","pid":252,"runner":"pid-252","prefix":"Gauge","message":"Step START: creating mock DL \"mock-dl-a\""}
{"timestamp":"2026-10-08T10:37:49.978Z","level":"info","pid":252,"runner":"pid-252","prefix":"Gauge","message":"Step PASS: creating mock DL \"mock-dl-a\"","args":[{"durationMs":9}]}
{"timestamp":"2026-10-08T10:37:49.979Z","level":"info","pid":252,"runner":"pid-252","prefix":"Gauge","message":"Step START: creating mock DL \"mock-dl-b\""}
{"timestamp":"2026-10-08T10:37:49.987Z","level":"info","pid":252,"runner":"pid-252","prefix":"Gauge","message":"Step PASS: creating mock DL \"mock-dl-b\"","args":[{"durationMs":8}]}
{"timestamp":"2026-10-08T10:37:49.988Z","level":"info","pid":252,"runner":"pid-252","prefix":"Gauge","message":"Step START: creating mock DL \"mock-dl-c\""}
{"timestamp":"2026-10-08T10:37:49.996Z","level":"info","pid":252,"runner":"pid-252","prefix":"Gauge","message":"Step PASS: creating mock DL \"mock-dl-c\"","args":[{"durationMs":8}]}
{"timestamp":"2026-10-08T10:37:49.998Z","level":"info","pid":252,"runner":"pid-252","prefix":"Gauge","message":"Step START: adding member \"desk-member@example.test\" to mock DL \"mock-dl-a\""}
{"timestamp":"2026-10-08T10:37:50.009Z","level":"info","pid":252,"runner":"pid-252","prefix":"Gauge","message":"Step PASS: adding member \"desk-member@example.test\" to mock DL \"mock-dl-a\"","args":[{"durationMs":11}]}
{"timestamp":"2026-10-08T10:37:50.011Z","level":"info","pid":252,"runner":"pid-252","prefix":"Gauge","message":"Step START: adding member \"desk-member@example.test\" to mock DL \"mock-dl-b\""}
{"timestamp":"2026-10-08T10:37:50.029Z","level":"info","pid":252,"runner":"pid-252","prefix":"Gauge","message":"Step PASS: adding member \"desk-member@example.test\" to mock DL \"mock-dl-b\"","args":[{"durationMs":18}]}
{"timestamp":"2026-10-08T10:37:50.032Z","level":"info","pid":252,"runner":"pid-252","prefix":"Gauge","message":"Step START: adding member \"desk-retained-member@example.test\" to mock DL \"mock-dl-b\""}
{"timestamp":"2026-10-08T10:37:50.043Z","level":"info","pid":252,"runner":"pid-252","prefix":"Gauge","message":"Step PASS: adding member \"desk-retained-member@example.test\" to mock DL \"mock-dl-b\"","args":[{"durationMs":11}]}
{"timestamp":"2026-10-08T10:37:50.045Z","level":"info","pid":252,"runner":"pid-252","prefix":"Gauge","message":"Step START: adding member \"desk-member@example.test\" to mock DL \"mock-dl-c\""}
{"timestamp":"2026-10-08T10:37:50.052Z","level":"info","pid":252,"runner":"pid-252","prefix":"Gauge","message":"Step PASS: adding member \"desk-member@example.test\" to mock DL \"mock-dl-c\"","args":[{"durationMs":7}]}
{"timestamp":"2026-10-08T10:37:50.054Z","level":"info","pid":252,"runner":"pid-252","prefix":"Gauge","message":"Step START: sending mock provider mail \"first-mail-a\" to mock DL \"mock-dl-a\""}
{"timestamp":"2026-10-08T10:37:50.063Z","level":"info","pid":252,"runner":"pid-252","prefix":"Gauge","message":"Step PASS: sending mock provider mail \"first-mail-a\" to mock DL \"mock-dl-a\"","args":[{"durationMs":9}]}
{"timestamp":"2026-10-08T10:37:50.064Z","level":"info","pid":252,"runner":"pid-252","prefix":"Gauge","message":"Step START: sending mock provider mail \"first-mail-b\" to mock DL \"mock-dl-b\""}
{"timestamp":"2026-10-08T10:37:50.070Z","level":"info","pid":252,"runner":"pid-252","prefix":"Gauge","message":"Step PASS: sending mock provider mail \"first-mail-b\" to mock DL \"mock-dl-b\"","args":[{"durationMs":6}]}
{"timestamp":"2026-10-08T10:37:50.072Z","level":"info","pid":252,"runner":"pid-252","prefix":"Gauge","message":"Step START: sending mock provider mail \"first-mail-c\" to mock DL \"mock-dl-c\""}
{"timestamp":"2026-10-08T10:37:50.080Z","level":"info","pid":252,"runner":"pid-252","prefix":"Gauge","message":"Step PASS: sending mock provider mail \"first-mail-c\" to mock DL \"mock-dl-c\"","args":[{"durationMs":8}]}
{"timestamp":"2026-10-08T10:37:50.082Z","level":"info","pid":252,"runner":"pid-252","prefix":"Gauge","message":"Step START: verifying mock inbox \"desk-member@example.test\" total mail count is \"3\""}
{"timestamp":"2026-10-08T10:37:50.089Z","level":"info","pid":252,"runner":"pid-252","prefix":"Gauge","message":"Step PASS: verifying mock inbox \"desk-member@example.test\" total mail count is \"3\"","args":[{"durationMs":7}]}
{"timestamp":"2026-10-08T10:37:50.090Z","level":"info","pid":252,"runner":"pid-252","prefix":"Gauge","message":"Step START: verifying mock inbox \"desk-member@example.test\" has \"1\" mails from mock DL \"mock-dl-a\""}
{"timestamp":"2026-10-08T10:37:50.098Z","level":"info","pid":252,"runner":"pid-252","prefix":"Gauge","message":"Step PASS: verifying mock inbox \"desk-member@example.test\" has \"1\" mails from mock DL \"mock-dl-a\"","args":[{"durationMs":8}]}
{"timestamp":"2026-10-08T10:37:50.100Z","level":"info","pid":252,"runner":"pid-252","prefix":"Gauge","message":"Step START: verifying mock inbox \"desk-member@example.test\" has \"1\" mails from mock DL \"mock-dl-b\""}
{"timestamp":"2026-10-08T10:37:50.108Z","level":"info","pid":252,"runner":"pid-252","prefix":"Gauge","message":"Step PASS: verifying mock inbox \"desk-member@example.test\" has \"1\" mails from mock DL \"mock-dl-b\"","args":[{"durationMs":8}]}
{"timestamp":"2026-10-08T10:37:50.109Z","level":"info","pid":252,"runner":"pid-252","prefix":"Gauge","message":"Step START: verifying mock inbox \"desk-member@example.test\" has \"1\" mails from mock DL \"mock-dl-c\""}
{"timestamp":"2026-10-08T10:37:50.119Z","level":"info","pid":252,"runner":"pid-252","prefix":"Gauge","message":"Step PASS: verifying mock inbox \"desk-member@example.test\" has \"1\" mails from mock DL \"mock-dl-c\"","args":[{"durationMs":10}]}
{"timestamp":"2026-10-08T10:37:50.122Z","level":"info","pid":252,"runner":"pid-252","prefix":"Gauge","message":"Step START: removing member \"desk-member@example.test\" from mock DL \"mock-dl-b\""}
{"timestamp":"2026-10-08T10:37:50.128Z","level":"info","pid":252,"runner":"pid-252","prefix":"Gauge","message":"Step PASS: removing member \"desk-member@example.test\" from mock DL \"mock-dl-b\"","args":[{"durationMs":6}]}
{"timestamp":"2026-10-08T10:37:50.129Z","level":"info","pid":252,"runner":"pid-252","prefix":"Gauge","message":"Step START: sending mock provider mail \"second-mail-a\" to mock DL \"mock-dl-a\""}
{"timestamp":"2026-10-08T10:37:50.136Z","level":"info","pid":252,"runner":"pid-252","prefix":"Gauge","message":"Step PASS: sending mock provider mail \"second-mail-a\" to mock DL \"mock-dl-a\"","args":[{"durationMs":7}]}
{"timestamp":"2026-10-08T10:37:50.138Z","level":"info","pid":252,"runner":"pid-252","prefix":"Gauge","message":"Step START: sending mock provider mail \"second-mail-b\" to mock DL \"mock-dl-b\""}
{"timestamp":"2026-10-08T10:37:50.144Z","level":"info","pid":252,"runner":"pid-252","prefix":"Gauge","message":"Step PASS: sending mock provider mail \"second-mail-b\" to mock DL \"mock-dl-b\"","args":[{"durationMs":6}]}
{"timestamp":"2026-10-08T10:37:50.145Z","level":"info","pid":252,"runner":"pid-252","prefix":"Gauge","message":"Step START: sending mock provider mail \"second-mail-c\" to mock DL \"mock-dl-c\""}
{"timestamp":"2026-10-08T10:37:50.152Z","level":"info","pid":252,"runner":"pid-252","prefix":"Gauge","message":"Step PASS: sending mock provider mail \"second-mail-c\" to mock DL \"mock-dl-c\"","args":[{"durationMs":7}]}
{"timestamp":"2026-10-08T10:37:50.153Z","level":"info","pid":252,"runner":"pid-252","prefix":"Gauge","message":"Step START: verifying mock inbox \"desk-member@example.test\" total mail count is \"5\""}
{"timestamp":"2026-10-08T10:37:50.163Z","level":"info","pid":252,"runner":"pid-252","prefix":"Gauge","message":"Step PASS: verifying mock inbox \"desk-member@example.test\" total mail count is \"5\"","args":[{"durationMs":10}]}
{"timestamp":"2026-10-08T10:37:50.165Z","level":"info","pid":252,"runner":"pid-252","prefix":"Gauge","message":"Step START: verifying mock inbox \"desk-member@example.test\" has \"2\" mails from mock DL \"mock-dl-a\""}
{"timestamp":"2026-10-08T10:37:50.174Z","level":"info","pid":252,"runner":"pid-252","prefix":"Gauge","message":"Step PASS: verifying mock inbox \"desk-member@example.test\" has \"2\" mails from mock DL \"mock-dl-a\"","args":[{"durationMs":9}]}
{"timestamp":"2026-10-08T10:37:50.176Z","level":"info","pid":252,"runner":"pid-252","prefix":"Gauge","message":"Step START: verifying mock inbox \"desk-member@example.test\" has \"1\" mails from mock DL \"mock-dl-b\""}
{"timestamp":"2026-10-08T10:37:50.185Z","level":"info","pid":252,"runner":"pid-252","prefix":"Gauge","message":"Step PASS: verifying mock inbox \"desk-member@example.test\" has \"1\" mails from mock DL \"mock-dl-b\"","args":[{"durationMs":9}]}
{"timestamp":"2026-10-08T10:37:50.186Z","level":"info","pid":252,"runner":"pid-252","prefix":"Gauge","message":"Step START: verifying mock inbox \"desk-member@example.test\" has \"2\" mails from mock DL \"mock-dl-c\""}
{"timestamp":"2026-10-08T10:37:50.195Z","level":"info","pid":252,"runner":"pid-252","prefix":"Gauge","message":"Step PASS: verifying mock inbox \"desk-member@example.test\" has \"2\" mails from mock DL \"mock-dl-c\"","args":[{"durationMs":9}]}
{"timestamp":"2026-10-08T10:37:50.211Z","level":"info","pid":252,"runner":"pid-252","prefix":"Gauge","message":"Step START: using browser"}
{"timestamp":"2026-10-08T10:37:50.213Z","level":"info","pid":252,"runner":"pid-252","prefix":"Gauge","message":"Reusing idle browser from pool","args":[{"browserType":"chromium"}]}
{"timestamp":"2026-10-08T10:37:50.250Z","level":"info","pid":252,"runner":"pid-252","prefix":"Gauge","message":"Step PASS: using browser","args":[{"durationMs":39}]}
{"timestamp":"2026-10-08T10:37:50.252Z","level":"info","pid":252,"runner":"pid-252","prefix":"Gauge","message":"Step START: ensuring user is not logged in"}
{"timestamp":"2026-10-08T10:37:50.254Z","level":"info","pid":252,"runner":"pid-252","prefix":"Gauge","message":"Step PASS: ensuring user is not logged in","args":[{"durationMs":2}]}
{"timestamp":"2026-10-08T10:37:50.255Z","level":"info","pid":252,"runner":"pid-252","prefix":"Gauge","message":"Step START: logging in as user <userAlias>"}
{"timestamp":"2026-10-08T10:37:52.285Z","level":"info","pid":252,"runner":"pid-252","prefix":"Gauge","message":"Step PASS: logging in as user <userAlias>","args":[{"durationMs":2030}]}
{"timestamp":"2026-10-08T10:37:52.287Z","level":"info","pid":252,"runner":"pid-252","prefix":"Gauge","message":"Step START: verifying user is redirected to \"/ai/chat/new\""}
{"timestamp":"2026-10-08T10:37:52.621Z","level":"info","pid":252,"runner":"pid-252","prefix":"Gauge","message":"Step PASS: verifying user is redirected to \"/ai/chat/new\"","args":[{"durationMs":334}]}
{"timestamp":"2026-10-08T10:37:52.623Z","level":"info","pid":252,"runner":"pid-252","prefix":"Gauge","message":"Step START: skipping xyne-ai-onboarding overlay"}
{"timestamp":"2026-10-08T10:37:52.631Z","level":"info","pid":252,"runner":"pid-252","prefix":"Gauge","message":"Step PASS: skipping xyne-ai-onboarding overlay","args":[{"durationMs":8}]}
{"timestamp":"2026-10-08T10:37:52.633Z","level":"info","pid":252,"runner":"pid-252","prefix":"Gauge","message":"Step START: Creating personal Desk channel \"channel-desk-personal-happy-flow\" for user \"admin-1\" in project \"project-1\""}
{"timestamp":"2026-10-08T10:37:52.744Z","level":"info","pid":252,"runner":"pid-252","prefix":"Gauge","message":"Step PASS: Creating personal Desk channel \"channel-desk-personal-happy-flow\" for user \"admin-1\" in project \"project-1\"","args":[{"durationMs":111}]}
{"timestamp":"2026-10-08T10:37:52.748Z","level":"info","pid":252,"runner":"pid-252","prefix":"Gauge","message":"Step START: clearing mock Desk sent mails for channel \"channel-desk-personal-happy-flow\" user \"admin-1\""}
{"timestamp":"2026-10-08T10:37:52.755Z","level":"info","pid":252,"runner":"pid-252","prefix":"Gauge","message":"Step PASS: clearing mock Desk sent mails for channel \"channel-desk-personal-happy-flow\" user \"admin-1\"","args":[{"durationMs":7}]}
{"timestamp":"2026-10-08T10:37:52.756Z","level":"info","pid":252,"runner":"pid-252","prefix":"Gauge","message":"Step START: generating mock incoming Desk email \"personal-customer-mail-1\""}
{"timestamp":"2026-10-08T10:37:52.757Z","level":"info","pid":252,"runner":"pid-252","prefix":"Gauge","message":"Step PASS: generating mock incoming Desk email \"personal-customer-mail-1\"","args":[{"durationMs":1}]}
{"timestamp":"2026-10-08T10:37:52.758Z","level":"info","pid":252,"runner":"pid-252","prefix":"Gauge","message":"Step START: injecting mock incoming Desk email \"personal-customer-mail-1\" into channel \"channel-desk-personal-happy-flow\" for user \"admin-1\""}
{"timestamp":"2026-10-08T10:37:52.852Z","level":"info","pid":252,"runner":"pid-252","prefix":"Gauge","message":"Step PASS: injecting mock incoming Desk email \"personal-customer-mail-1\" into channel \"channel-desk-personal-happy-flow\" for user \"admin-1\"","args":[{"durationMs":94}]}
{"timestamp":"2026-10-08T10:37:52.853Z","level":"info","pid":252,"runner":"pid-252","prefix":"Gauge","message":"Step START: verifying mock Desk email \"personal-customer-mail-1\" was ingested"}
{"timestamp":"2026-10-08T10:37:52.865Z","level":"info","pid":252,"runner":"pid-252","prefix":"Gauge","message":"Step PASS: verifying mock Desk email \"personal-customer-mail-1\" was ingested","args":[{"durationMs":12}]}
{"timestamp":"2026-10-08T10:37:52.867Z","level":"info","pid":252,"runner":"pid-252","prefix":"Gauge","message":"Step START: replying to mock Desk email \"personal-customer-mail-1\" from channel \"channel-desk-personal-happy-flow\" for user \"admin-1\""}
{"timestamp":"2026-10-08T10:38:01.149Z","level":"info","pid":252,"runner":"pid-252","prefix":"Gauge","message":"Step PASS: replying to mock Desk email \"personal-customer-mail-1\" from channel \"channel-desk-personal-happy-flow\" for user \"admin-1\"","args":[{"durationMs":8282}]}
{"timestamp":"2026-10-08T10:38:01.153Z","level":"info","pid":252,"runner":"pid-252","prefix":"Gauge","message":"Step START: verifying mock Desk sent mail count is \"1\" for incoming email \"personal-customer-mail-1\""}
{"timestamp":"2026-10-08T10:38:01.164Z","level":"info","pid":252,"runner":"pid-252","prefix":"Gauge","message":"Step PASS: verifying mock Desk sent mail count is \"1\" for incoming email \"personal-customer-mail-1\"","args":[{"durationMs":11}]}
{"timestamp":"2026-10-08T10:38:01.166Z","level":"info","pid":252,"runner":"pid-252","prefix":"Gauge","message":"Step START: verifying latest mock Desk sent mail matches incoming email \"personal-customer-mail-1\""}
{"timestamp":"2026-10-08T10:38:01.180Z","level":"info","pid":252,"runner":"pid-252","prefix":"Gauge","message":"Step PASS: verifying latest mock Desk sent mail matches incoming email \"personal-customer-mail-1\"","args":[{"durationMs":14}]}
{"timestamp":"2026-10-08T10:38:01.201Z","level":"info","pid":252,"runner":"pid-252","prefix":"Gauge","message":"Step START: using browser"}
{"timestamp":"2026-10-08T10:38:01.202Z","level":"info","pid":252,"runner":"pid-252","prefix":"Gauge","message":"Reusing idle browser from pool","args":[{"browserType":"chromium"}]}
{"timestamp":"2026-10-08T10:38:01.228Z","level":"info","pid":252,"runner":"pid-252","prefix":"Gauge","message":"Step PASS: using browser","args":[{"durationMs":27}]}
{"timestamp":"2026-10-08T10:38:01.230Z","level":"info","pid":252,"runner":"pid-252","prefix":"Gauge","message":"Step START: ensuring user is not logged in"}
{"timestamp":"2026-10-08T10:38:01.232Z","level":"info","pid":252,"runner":"pid-252","prefix":"Gauge","message":"Step PASS: ensuring user is not logged in","args":[{"durationMs":2}]}
{"timestamp":"2026-10-08T10:38:01.233Z","level":"info","pid":252,"runner":"pid-252","prefix":"Gauge","message":"Step START: logging in as user <userAlias>"}
{"timestamp":"2026-10-08T10:38:03.205Z","level":"info","pid":252,"runner":"pid-252","prefix":"Gauge","message":"Step PASS: logging in as user <userAlias>","args":[{"durationMs":1972}]}
{"timestamp":"2026-10-08T10:38:03.207Z","level":"info","pid":252,"runner":"pid-252","prefix":"Gauge","message":"Step START: verifying user is redirected to \"/ai/chat/new\""}
{"timestamp":"2026-10-08T10:38:03.585Z","level":"info","pid":252,"runner":"pid-252","prefix":"Gauge","message":"Step PASS: verifying user is redirected to \"/ai/chat/new\"","args":[{"durationMs":378}]}
{"timestamp":"2026-10-08T10:38:03.587Z","level":"info","pid":252,"runner":"pid-252","prefix":"Gauge","message":"Step START: skipping xyne-ai-onboarding overlay"}
{"timestamp":"2026-10-08T10:38:03.599Z","level":"info","pid":252,"runner":"pid-252","prefix":"Gauge","message":"Step PASS: skipping xyne-ai-onboarding overlay","args":[{"durationMs":12}]}
{"timestamp":"2026-10-08T10:38:03.602Z","level":"info","pid":252,"runner":"pid-252","prefix":"Gauge","message":"Step START: Creating Slack Desk channel \"channel-desk-slack-happy-flow\" for user \"admin-1\" in project \"project-1\""}
{"timestamp":"2026-10-08T10:38:03.690Z","level":"info","pid":252,"runner":"pid-252","prefix":"Gauge","message":"Step PASS: Creating Slack Desk channel \"channel-desk-slack-happy-flow\" for user \"admin-1\" in project \"project-1\"","args":[{"durationMs":88}]}
{"timestamp":"2026-10-08T10:38:03.692Z","level":"info","pid":252,"runner":"pid-252","prefix":"Gauge","message":"Step START: generating mock Slack Desk message \"slack-message-1\""}
{"timestamp":"2026-10-08T10:38:03.693Z","level":"info","pid":252,"runner":"pid-252","prefix":"Gauge","message":"Step PASS: generating mock Slack Desk message \"slack-message-1\"","args":[{"durationMs":1}]}
{"timestamp":"2026-10-08T10:38:03.695Z","level":"info","pid":252,"runner":"pid-252","prefix":"Gauge","message":"Step START: injecting mock Slack Desk message \"slack-message-1\" into channel \"channel-desk-slack-happy-flow\" for user \"admin-1\""}
{"timestamp":"2026-10-08T10:38:03.787Z","level":"info","pid":252,"runner":"pid-252","prefix":"Gauge","message":"Step PASS: injecting mock Slack Desk message \"slack-message-1\" into channel \"channel-desk-slack-happy-flow\" for user \"admin-1\"","args":[{"durationMs":92}]}
{"timestamp":"2026-10-08T10:38:03.788Z","level":"info","pid":252,"runner":"pid-252","prefix":"Gauge","message":"Step START: verifying mock Desk email \"slack-message-1\" was ingested"}
{"timestamp":"2026-10-08T10:38:03.806Z","level":"info","pid":252,"runner":"pid-252","prefix":"Gauge","message":"Step PASS: verifying mock Desk email \"slack-message-1\" was ingested","args":[{"durationMs":18}]}
{"timestamp":"2026-10-08T10:38:03.823Z","level":"info","pid":252,"runner":"pid-252","prefix":"Gauge","message":"Step START: using browser"}
{"timestamp":"2026-10-08T10:38:03.825Z","level":"info","pid":252,"runner":"pid-252","prefix":"Gauge","message":"Reusing idle browser from pool","args":[{"browserType":"chromium"}]}
{"timestamp":"2026-10-08T10:38:03.844Z","level":"info","pid":252,"runner":"pid-252","prefix":"Gauge","message":"Step PASS: using browser","args":[{"durationMs":21}]}
{"timestamp":"2026-10-08T10:38:03.845Z","level":"info","pid":252,"runner":"pid-252","prefix":"Gauge","message":"Step START: ensuring user is not logged in"}
{"timestamp":"2026-10-08T10:38:03.847Z","level":"info","pid":252,"runner":"pid-252","prefix":"Gauge","message":"Step PASS: ensuring user is not logged in","args":[{"durationMs":2}]}
{"timestamp":"2026-10-08T10:38:03.850Z","level":"info","pid":252,"runner":"pid-252","prefix":"Gauge","message":"Step START: logging in as user <userAlias>"}
{"timestamp":"2026-10-08T10:38:05.873Z","level":"info","pid":252,"runner":"pid-252","prefix":"Gauge","message":"Step PASS: logging in as user <userAlias>","args":[{"durationMs":2023}]}
{"timestamp":"2026-10-08T10:38:05.877Z","level":"info","pid":252,"runner":"pid-252","prefix":"Gauge","message":"Step START: verifying user is redirected to \"/ai/chat/new\""}
{"timestamp":"2026-10-08T10:38:07.413Z","level":"info","pid":252,"runner":"pid-252","prefix":"Gauge","message":"Step PASS: verifying user is redirected to \"/ai/chat/new\"","args":[{"durationMs":1536}]}
{"timestamp":"2026-10-08T10:38:07.415Z","level":"info","pid":252,"runner":"pid-252","prefix":"Gauge","message":"Step START: skipping xyne-ai-onboarding overlay"}
{"timestamp":"2026-10-08T10:38:07.418Z","level":"info","pid":252,"runner":"pid-252","prefix":"Gauge","message":"Step PASS: skipping xyne-ai-onboarding overlay","args":[{"durationMs":3}]}
{"timestamp":"2026-10-08T10:38:07.420Z","level":"info","pid":252,"runner":"pid-252","prefix":"Gauge","message":"Step START: Creating personal Desk channel \"channel-desk-personal-advanced-flow\" for user \"admin-1\" in project \"project-1\""}
{"timestamp":"2026-10-08T10:38:07.494Z","level":"info","pid":252,"runner":"pid-252","prefix":"Gauge","message":"Step PASS: Creating personal Desk channel \"channel-desk-personal-advanced-flow\" for user \"admin-1\" in project \"project-1\"","args":[{"durationMs":74}]}
{"timestamp":"2026-10-08T10:38:07.496Z","level":"info","pid":252,"runner":"pid-252","prefix":"Gauge","message":"Step START: clearing mock Desk sent mails for channel \"channel-desk-personal-advanced-flow\" user \"admin-1\""}
{"timestamp":"2026-10-08T10:38:07.503Z","level":"info","pid":252,"runner":"pid-252","prefix":"Gauge","message":"Step PASS: clearing mock Desk sent mails for channel \"channel-desk-personal-advanced-flow\" user \"admin-1\"","args":[{"durationMs":7}]}
{"timestamp":"2026-10-08T10:38:07.505Z","level":"info","pid":252,"runner":"pid-252","prefix":"Gauge","message":"Step START: generating mock incoming Desk email \"personal-advanced-mail-1\" with reply-all recipients and attachment"}
{"timestamp":"2026-10-08T10:38:07.506Z","level":"info","pid":252,"runner":"pid-252","prefix":"Gauge","message":"Step PASS: generating mock incoming Desk email \"personal-advanced-mail-1\" with reply-all recipients and attachment","args":[{"durationMs":1}]}
{"timestamp":"2026-10-08T10:38:07.507Z","level":"info","pid":252,"runner":"pid-252","prefix":"Gauge","message":"Step START: injecting mock incoming Desk email \"personal-advanced-mail-1\" into channel \"channel-desk-personal-advanced-flow\" for user \"admin-1\""}
{"timestamp":"2026-10-08T10:38:07.604Z","level":"info","pid":252,"runner":"pid-252","prefix":"Gauge","message":"Step PASS: injecting mock incoming Desk email \"personal-advanced-mail-1\" into channel \"channel-desk-personal-advanced-flow\" for user \"admin-1\"","args":[{"durationMs":97}]}
{"timestamp":"2026-10-08T10:38:07.605Z","level":"info","pid":252,"runner":"pid-252","prefix":"Gauge","message":"Step START: verifying mock Desk email \"personal-advanced-mail-1\" was ingested"}
{"timestamp":"2026-10-08T10:38:07.617Z","level":"info","pid":252,"runner":"pid-252","prefix":"Gauge","message":"Step PASS: verifying mock Desk email \"personal-advanced-mail-1\" was ingested","args":[{"durationMs":12}]}
{"timestamp":"2026-10-08T10:38:07.618Z","level":"info","pid":252,"runner":"pid-252","prefix":"Gauge","message":"Step START: verifying mock Desk ticket for email \"personal-advanced-mail-1\" has expected subject body sender and attachment"}
{"timestamp":"2026-10-08T10:38:07.632Z","level":"info","pid":252,"runner":"pid-252","prefix":"Gauge","message":"Step PASS: verifying mock Desk ticket for email \"personal-advanced-mail-1\" has expected subject body sender and attachment","args":[{"durationMs":13}]}
{"timestamp":"2026-10-08T10:38:07.633Z","level":"info","pid":252,"runner":"pid-252","prefix":"Gauge","message":"Step START: verifying Desk data shows mock email \"personal-advanced-mail-1\" in channel \"channel-desk-personal-advanced-flow\" for user \"admin-1\""}
{"timestamp":"2026-10-08T10:38:07.649Z","level":"info","pid":252,"runner":"pid-252","prefix":"Gauge","message":"Step PASS: verifying Desk data shows mock email \"personal-advanced-mail-1\" in channel \"channel-desk-personal-advanced-flow\" for user \"admin-1\"","args":[{"durationMs":16}]}
{"timestamp":"2026-10-08T10:38:07.650Z","level":"info","pid":252,"runner":"pid-252","prefix":"Gauge","message":"Step START: updating mock Desk ticket for email \"personal-advanced-mail-1\" priority to \"HIGH\" and status to \"STARTED\""}
{"timestamp":"2026-10-08T10:38:07.667Z","level":"info","pid":252,"runner":"pid-252","prefix":"Gauge","message":"Step PASS: updating mock Desk ticket for email \"personal-advanced-mail-1\" priority to \"HIGH\" and status to \"STARTED\"","args":[{"durationMs":17}]}
{"timestamp":"2026-10-08T10:38:07.669Z","level":"info","pid":252,"runner":"pid-252","prefix":"Gauge","message":"Step START: verifying mock Desk ticket for email \"personal-advanced-mail-1\" priority is \"HIGH\" and status is \"STARTED\""}
{"timestamp":"2026-10-08T10:38:07.683Z","level":"info","pid":252,"runner":"pid-252","prefix":"Gauge","message":"Step PASS: verifying mock Desk ticket for email \"personal-advanced-mail-1\" priority is \"HIGH\" and status is \"STARTED\"","args":[{"durationMs":14}]}
{"timestamp":"2026-10-08T10:38:07.685Z","level":"info","pid":252,"runner":"pid-252","prefix":"Gauge","message":"Step START: replying all to mock Desk email \"personal-advanced-mail-1\" from channel \"channel-desk-personal-advanced-flow\" for user \"admin-1\""}
{"timestamp":"2026-10-08T10:38:15.845Z","level":"info","pid":252,"runner":"pid-252","prefix":"Gauge","message":"Step PASS: replying all to mock Desk email \"personal-advanced-mail-1\" from channel \"channel-desk-personal-advanced-flow\" for user \"admin-1\"","args":[{"durationMs":8160}]}
{"timestamp":"2026-10-08T10:38:15.847Z","level":"info","pid":252,"runner":"pid-252","prefix":"Gauge","message":"Step START: verifying mock Desk sent mail count is \"1\" for incoming email \"personal-advanced-mail-1\""}
{"timestamp":"2026-10-08T10:38:15.859Z","level":"info","pid":252,"runner":"pid-252","prefix":"Gauge","message":"Step PASS: verifying mock Desk sent mail count is \"1\" for incoming email \"personal-advanced-mail-1\"","args":[{"durationMs":12}]}
{"timestamp":"2026-10-08T10:38:15.860Z","level":"info","pid":252,"runner":"pid-252","prefix":"Gauge","message":"Step START: verifying latest mock Desk sent reply-all mail matches incoming email \"personal-advanced-mail-1\""}
{"timestamp":"2026-10-08T10:38:15.870Z","level":"info","pid":252,"runner":"pid-252","prefix":"Gauge","message":"Step PASS: verifying latest mock Desk sent reply-all mail matches incoming email \"personal-advanced-mail-1\"","args":[{"durationMs":10}]}
{"timestamp":"2026-10-08T10:38:15.887Z","level":"info","pid":252,"runner":"pid-252","prefix":"Gauge","message":"Step START: using browser"}
{"timestamp":"2026-10-08T10:38:15.888Z","level":"info","pid":252,"runner":"pid-252","prefix":"Gauge","message":"Reusing idle browser from pool","args":[{"browserType":"chromium"}]}
{"timestamp":"2026-10-08T10:38:15.912Z","level":"info","pid":252,"runner":"pid-252","prefix":"Gauge","message":"Step PASS: using browser","args":[{"durationMs":25}]}
{"timestamp":"2026-10-08T10:38:15.914Z","level":"info","pid":252,"runner":"pid-252","prefix":"Gauge","message":"Step START: ensuring user is not logged in"}
{"timestamp":"2026-10-08T10:38:15.918Z","level":"info","pid":252,"runner":"pid-252","prefix":"Gauge","message":"Step PASS: ensuring user is not logged in","args":[{"durationMs":4}]}
{"timestamp":"2026-10-08T10:38:15.920Z","level":"info","pid":252,"runner":"pid-252","prefix":"Gauge","message":"Step START: logging in as user <userAlias>"}
{"timestamp":"2026-10-08T10:38:18.029Z","level":"info","pid":252,"runner":"pid-252","prefix":"Gauge","message":"Step PASS: logging in as user <userAlias>","args":[{"durationMs":2109}]}
{"timestamp":"2026-10-08T10:38:18.031Z","level":"info","pid":252,"runner":"pid-252","prefix":"Gauge","message":"Step START: verifying user is redirected to \"/ai/chat/new\""}
{"timestamp":"2026-10-08T10:38:19.464Z","level":"info","pid":252,"runner":"pid-252","prefix":"Gauge","message":"Step PASS: verifying user is redirected to \"/ai/chat/new\"","args":[{"durationMs":1433}]}
{"timestamp":"2026-10-08T10:38:19.469Z","level":"info","pid":252,"runner":"pid-252","prefix":"Gauge","message":"Step START: skipping xyne-ai-onboarding overlay"}
{"timestamp":"2026-10-08T10:38:19.475Z","level":"info","pid":252,"runner":"pid-252","prefix":"Gauge","message":"Step PASS: skipping xyne-ai-onboarding overlay","args":[{"durationMs":6}]}
{"timestamp":"2026-10-08T10:38:19.477Z","level":"info","pid":252,"runner":"pid-252","prefix":"Gauge","message":"Step START: Creating personal Desk channel \"channel-desk-connect-lifecycle\" for user \"admin-1\" in project \"project-1\""}
{"timestamp":"2026-10-08T10:38:19.558Z","level":"info","pid":252,"runner":"pid-252","prefix":"Gauge","message":"Step PASS: Creating personal Desk channel \"channel-desk-connect-lifecycle\" for user \"admin-1\" in project \"project-1\"","args":[{"durationMs":81}]}
{"timestamp":"2026-10-08T10:38:19.561Z","level":"info","pid":252,"runner":"pid-252","prefix":"Gauge","message":"Step START: verifying Desk channel \"channel-desk-connect-lifecycle\" is connected for user \"admin-1\""}
{"timestamp":"2026-10-08T10:38:19.572Z","level":"info","pid":252,"runner":"pid-252","prefix":"Gauge","message":"Step PASS: verifying Desk channel \"channel-desk-connect-lifecycle\" is connected for user \"admin-1\"","args":[{"durationMs":11}]}
{"timestamp":"2026-10-08T10:38:19.574Z","level":"info","pid":252,"runner":"pid-252","prefix":"Gauge","message":"Step START: disconnecting Desk mailbox for channel \"channel-desk-connect-lifecycle\" user \"admin-1\""}
{"timestamp":"2026-10-08T10:38:19.589Z","level":"info","pid":252,"runner":"pid-252","prefix":"Gauge","message":"Step PASS: disconnecting Desk mailbox for channel \"channel-desk-connect-lifecycle\" user \"admin-1\"","args":[{"durationMs":15}]}
{"timestamp":"2026-10-08T10:38:19.590Z","level":"info","pid":252,"runner":"pid-252","prefix":"Gauge","message":"Step START: verifying Desk channel \"channel-desk-connect-lifecycle\" is disconnected for user \"admin-1\""}
{"timestamp":"2026-10-08T10:38:19.600Z","level":"info","pid":252,"runner":"pid-252","prefix":"Gauge","message":"Step PASS: verifying Desk channel \"channel-desk-connect-lifecycle\" is disconnected for user \"admin-1\"","args":[{"durationMs":10}]}
{"timestamp":"2026-10-08T10:38:19.601Z","level":"info","pid":252,"runner":"pid-252","prefix":"Gauge","message":"Step START: reconnecting mock Desk mailbox for channel \"channel-desk-connect-lifecycle\" user \"admin-1\""}
{"timestamp":"2026-10-08T10:38:19.618Z","level":"info","pid":252,"runner":"pid-252","prefix":"Gauge","message":"Step PASS: reconnecting mock Desk mailbox for channel \"channel-desk-connect-lifecycle\" user \"admin-1\"","args":[{"durationMs":17}]}
{"timestamp":"2026-10-08T10:38:19.619Z","level":"info","pid":252,"runner":"pid-252","prefix":"Gauge","message":"Step START: verifying Desk channel \"channel-desk-connect-lifecycle\" is connected for user \"admin-1\""}
{"timestamp":"2026-10-08T10:38:19.629Z","level":"info","pid":252,"runner":"pid-252","prefix":"Gauge","message":"Step PASS: verifying Desk channel \"channel-desk-connect-lifecycle\" is connected for user \"admin-1\"","args":[{"durationMs":10}]}
{"timestamp":"2026-10-08T10:38:19.640Z","level":"info","pid":252,"runner":"pid-252","prefix":"Gauge","message":"Step START: using browser"}
{"timestamp":"2026-10-08T10:38:19.641Z","level":"info","pid":252,"runner":"pid-252","prefix":"Gauge","message":"Reusing idle browser from pool","args":[{"browserType":"chromium"}]}
{"timestamp":"2026-10-08T10:38:19.660Z","level":"info","pid":252,"runner":"pid-252","prefix":"Gauge","message":"Step PASS: using browser","args":[{"durationMs":20}]}
{"timestamp":"2026-10-08T10:38:19.662Z","level":"info","pid":252,"runner":"pid-252","prefix":"Gauge","message":"Step START: ensuring user is not logged in"}
{"timestamp":"2026-10-08T10:38:19.664Z","level":"info","pid":252,"runner":"pid-252","prefix":"Gauge","message":"Step PASS: ensuring user is not logged in","args":[{"durationMs":2}]}
{"timestamp":"2026-10-08T10:38:19.665Z","level":"info","pid":252,"runner":"pid-252","prefix":"Gauge","message":"Step START: logging in as user <userAlias>"}
{"timestamp":"2026-10-08T10:38:21.556Z","level":"info","pid":252,"runner":"pid-252","prefix":"Gauge","message":"Step PASS: logging in as user <userAlias>","args":[{"durationMs":1891}]}
{"timestamp":"2026-10-08T10:38:21.558Z","level":"info","pid":252,"runner":"pid-252","prefix":"Gauge","message":"Step START: verifying user is redirected to \"/ai/chat/new\""}
{"timestamp":"2026-10-08T10:38:21.941Z","level":"info","pid":252,"runner":"pid-252","prefix":"Gauge","message":"Step PASS: verifying user is redirected to \"/ai/chat/new\"","args":[{"durationMs":383}]}
{"timestamp":"2026-10-08T10:38:21.944Z","level":"info","pid":252,"runner":"pid-252","prefix":"Gauge","message":"Step START: skipping xyne-ai-onboarding overlay"}
{"timestamp":"2026-10-08T10:38:21.951Z","level":"info","pid":252,"runner":"pid-252","prefix":"Gauge","message":"Step PASS: skipping xyne-ai-onboarding overlay","args":[{"durationMs":7}]}
{"timestamp":"2026-10-08T10:38:21.957Z","level":"info","pid":252,"runner":"pid-252","prefix":"Gauge","message":"Step START: Creating Slack Desk channel \"channel-desk-slack-connect-lifecycle\" for user \"admin-1\" in project \"project-1\""}
{"timestamp":"2026-10-08T10:38:22.050Z","level":"info","pid":252,"runner":"pid-252","prefix":"Gauge","message":"Step PASS: Creating Slack Desk channel \"channel-desk-slack-connect-lifecycle\" for user \"admin-1\" in project \"project-1\"","args":[{"durationMs":93}]}
{"timestamp":"2026-10-08T10:38:22.052Z","level":"info","pid":252,"runner":"pid-252","prefix":"Gauge","message":"Step START: verifying Desk channel \"channel-desk-slack-connect-lifecycle\" is connected for user \"admin-1\""}
{"timestamp":"2026-10-08T10:38:22.090Z","level":"info","pid":252,"runner":"pid-252","prefix":"Gauge","message":"Step PASS: verifying Desk channel \"channel-desk-slack-connect-lifecycle\" is connected for user \"admin-1\"","args":[{"durationMs":38}]}
{"timestamp":"2026-10-08T10:38:22.095Z","level":"info","pid":252,"runner":"pid-252","prefix":"Gauge","message":"Step START: disconnecting Slack Desk channel \"channel-desk-slack-connect-lifecycle\" for user \"admin-1\""}
{"timestamp":"2026-10-08T10:38:22.122Z","level":"info","pid":252,"runner":"pid-252","prefix":"Gauge","message":"Step PASS: disconnecting Slack Desk channel \"channel-desk-slack-connect-lifecycle\" for user \"admin-1\"","args":[{"durationMs":27}]}
{"timestamp":"2026-10-08T10:38:22.125Z","level":"info","pid":252,"runner":"pid-252","prefix":"Gauge","message":"Step START: verifying Desk channel \"channel-desk-slack-connect-lifecycle\" is disconnected for user \"admin-1\""}
{"timestamp":"2026-10-08T10:38:22.150Z","level":"info","pid":252,"runner":"pid-252","prefix":"Gauge","message":"Step PASS: verifying Desk channel \"channel-desk-slack-connect-lifecycle\" is disconnected for user \"admin-1\"","args":[{"durationMs":25}]}
{"timestamp":"2026-10-08T10:38:22.175Z","level":"info","pid":252,"runner":"pid-252","prefix":"Gauge","message":"Step START: using browser"}
{"timestamp":"2026-10-08T10:38:22.176Z","level":"info","pid":252,"runner":"pid-252","prefix":"Gauge","message":"Reusing idle browser from pool","args":[{"browserType":"chromium"}]}
{"timestamp":"2026-10-08T10:38:22.200Z","level":"info","pid":252,"runner":"pid-252","prefix":"Gauge","message":"Step PASS: using browser","args":[{"durationMs":25}]}
{"timestamp":"2026-10-08T10:38:22.202Z","level":"info","pid":252,"runner":"pid-252","prefix":"Gauge","message":"Step START: ensuring user is not logged in"}
{"timestamp":"2026-10-08T10:38:22.205Z","level":"info","pid":252,"runner":"pid-252","prefix":"Gauge","message":"Step PASS: ensuring user is not logged in","args":[{"durationMs":3}]}
{"timestamp":"2026-10-08T10:38:22.206Z","level":"info","pid":252,"runner":"pid-252","prefix":"Gauge","message":"Step START: logging in as user <userAlias>"}
{"timestamp":"2026-10-08T10:38:24.206Z","level":"info","pid":252,"runner":"pid-252","prefix":"Gauge","message":"Step PASS: logging in as user <userAlias>","args":[{"durationMs":2000}]}
{"timestamp":"2026-10-08T10:38:24.212Z","level":"info","pid":252,"runner":"pid-252","prefix":"Gauge","message":"Step START: verifying user is redirected to \"/ai/chat/new\""}
{"timestamp":"2026-10-08T10:38:24.527Z","level":"info","pid":252,"runner":"pid-252","prefix":"Gauge","message":"Step PASS: verifying user is redirected to \"/ai/chat/new\"","args":[{"durationMs":315}]}
{"timestamp":"2026-10-08T10:38:24.529Z","level":"info","pid":252,"runner":"pid-252","prefix":"Gauge","message":"Step START: skipping xyne-ai-onboarding overlay"}
{"timestamp":"2026-10-08T10:38:24.537Z","level":"info","pid":252,"runner":"pid-252","prefix":"Gauge","message":"Step PASS: skipping xyne-ai-onboarding overlay","args":[{"durationMs":8}]}
{"timestamp":"2026-10-08T10:38:24.538Z","level":"info","pid":252,"runner":"pid-252","prefix":"Gauge","message":"Step START: Creating personal Desk channel \"channel-desk-compose-merge-flow\" for user \"admin-1\" in project \"project-1\""}
{"timestamp":"2026-10-08T10:38:24.618Z","level":"info","pid":252,"runner":"pid-252","prefix":"Gauge","message":"Step PASS: Creating personal Desk channel \"channel-desk-compose-merge-flow\" for user \"admin-1\" in project \"project-1\"","args":[{"durationMs":80}]}
{"timestamp":"2026-10-08T10:38:24.621Z","level":"info","pid":252,"runner":"pid-252","prefix":"Gauge","message":"Step START: clearing mock Desk sent mails for channel \"channel-desk-compose-merge-flow\" user \"admin-1\""}
{"timestamp":"2026-10-08T10:38:24.633Z","level":"info","pid":252,"runner":"pid-252","prefix":"Gauge","message":"Step PASS: clearing mock Desk sent mails for channel \"channel-desk-compose-merge-flow\" user \"admin-1\"","args":[{"durationMs":12}]}
{"timestamp":"2026-10-08T10:38:24.635Z","level":"info","pid":252,"runner":"pid-252","prefix":"Gauge","message":"Step START: composing mock Desk email \"compose-mail-1\" from channel \"channel-desk-compose-merge-flow\" for user \"admin-1\""}
{"timestamp":"2026-10-08T10:38:32.714Z","level":"info","pid":252,"runner":"pid-252","prefix":"Gauge","message":"Step PASS: composing mock Desk email \"compose-mail-1\" from channel \"channel-desk-compose-merge-flow\" for user \"admin-1\"","args":[{"durationMs":8079}]}
{"timestamp":"2026-10-08T10:38:32.722Z","level":"info","pid":252,"runner":"pid-252","prefix":"Gauge","message":"Step START: verifying mock Desk email \"compose-mail-1\" was ingested"}
{"timestamp":"2026-10-08T10:38:32.742Z","level":"info","pid":252,"runner":"pid-252","prefix":"Gauge","message":"Step PASS: verifying mock Desk email \"compose-mail-1\" was ingested","args":[{"durationMs":20}]}
{"timestamp":"2026-10-08T10:38:32.744Z","level":"info","pid":252,"runner":"pid-252","prefix":"Gauge","message":"Step START: verifying latest mock Desk composed mail matches \"compose-mail-1\""}
{"timestamp":"2026-10-08T10:38:32.755Z","level":"info","pid":252,"runner":"pid-252","prefix":"Gauge","message":"Step PASS: verifying latest mock Desk composed mail matches \"compose-mail-1\"","args":[{"durationMs":11}]}
{"timestamp":"2026-10-08T10:38:32.757Z","level":"info","pid":252,"runner":"pid-252","prefix":"Gauge","message":"Step START: generating mock incoming Desk email \"merge-target-mail-1\""}
{"timestamp":"2026-10-08T10:38:32.758Z","level":"info","pid":252,"runner":"pid-252","prefix":"Gauge","message":"Step PASS: generating mock incoming Desk email \"merge-target-mail-1\"","args":[{"durationMs":1}]}
{"timestamp":"2026-10-08T10:38:32.759Z","level":"info","pid":252,"runner":"pid-252","prefix":"Gauge","message":"Step START: injecting mock incoming Desk email \"merge-target-mail-1\" into channel \"channel-desk-compose-merge-flow\" for user \"admin-1\""}
{"timestamp":"2026-10-08T10:38:32.847Z","level":"info","pid":252,"runner":"pid-252","prefix":"Gauge","message":"Step PASS: injecting mock incoming Desk email \"merge-target-mail-1\" into channel \"channel-desk-compose-merge-flow\" for user \"admin-1\"","args":[{"durationMs":88}]}
{"timestamp":"2026-10-08T10:38:32.849Z","level":"info","pid":252,"runner":"pid-252","prefix":"Gauge","message":"Step START: verifying mock Desk email \"merge-target-mail-1\" was ingested"}
{"timestamp":"2026-10-08T10:38:32.860Z","level":"info","pid":252,"runner":"pid-252","prefix":"Gauge","message":"Step PASS: verifying mock Desk email \"merge-target-mail-1\" was ingested","args":[{"durationMs":11}]}
{"timestamp":"2026-10-08T10:38:32.861Z","level":"info","pid":252,"runner":"pid-252","prefix":"Gauge","message":"Step START: merging mock Desk ticket \"compose-mail-1\" into \"merge-target-mail-1\" as user \"admin-1\""}
{"timestamp":"2026-10-08T10:38:32.902Z","level":"info","pid":252,"runner":"pid-252","prefix":"Gauge","message":"Step PASS: merging mock Desk ticket \"compose-mail-1\" into \"merge-target-mail-1\" as user \"admin-1\"","args":[{"durationMs":41}]}
{"timestamp":"2026-10-08T10:38:32.904Z","level":"info","pid":252,"runner":"pid-252","prefix":"Gauge","message":"Step START: verifying mock Desk ticket \"compose-mail-1\" is merged into \"merge-target-mail-1\""}
{"timestamp":"2026-10-08T10:38:32.963Z","level":"info","pid":252,"runner":"pid-252","prefix":"Gauge","message":"Step PASS: verifying mock Desk ticket \"compose-mail-1\" is merged into \"merge-target-mail-1\"","args":[{"durationMs":59}]}
{"timestamp":"2026-10-08T10:38:32.965Z","level":"info","pid":252,"runner":"pid-252","prefix":"Gauge","message":"Step START: unmerging mock Desk ticket \"compose-mail-1\" as user \"admin-1\""}
{"timestamp":"2026-10-08T10:38:33.009Z","level":"info","pid":252,"runner":"pid-252","prefix":"Gauge","message":"Step PASS: unmerging mock Desk ticket \"compose-mail-1\" as user \"admin-1\"","args":[{"durationMs":44}]}
{"timestamp":"2026-10-08T10:38:33.012Z","level":"info","pid":252,"runner":"pid-252","prefix":"Gauge","message":"Step START: verifying mock Desk ticket \"compose-mail-1\" is unmerged"}
{"timestamp":"2026-10-08T10:38:33.026Z","level":"info","pid":252,"runner":"pid-252","prefix":"Gauge","message":"Step PASS: verifying mock Desk ticket \"compose-mail-1\" is unmerged","args":[{"durationMs":14}]}
{"timestamp":"2026-10-08T10:38:33.045Z","level":"info","pid":252,"runner":"pid-252","prefix":"Gauge","message":"Step START: using browser"}
{"timestamp":"2026-10-08T10:38:33.046Z","level":"info","pid":252,"runner":"pid-252","prefix":"Gauge","message":"Reusing idle browser from pool","args":[{"browserType":"chromium"}]}
{"timestamp":"2026-10-08T10:38:33.069Z","level":"info","pid":252,"runner":"pid-252","prefix":"Gauge","message":"Step PASS: using browser","args":[{"durationMs":24}]}
{"timestamp":"2026-10-08T10:38:33.071Z","level":"info","pid":252,"runner":"pid-252","prefix":"Gauge","message":"Step START: ensuring user is not logged in"}
{"timestamp":"2026-10-08T10:38:33.074Z","level":"info","pid":252,"runner":"pid-252","prefix":"Gauge","message":"Step PASS: ensuring user is not logged in","args":[{"durationMs":3}]}
{"timestamp":"2026-10-08T10:38:33.075Z","level":"info","pid":252,"runner":"pid-252","prefix":"Gauge","message":"Step START: logging in as user <userAlias>"}
{"timestamp":"2026-10-08T10:38:35.638Z","level":"info","pid":252,"runner":"pid-252","prefix":"Gauge","message":"Step PASS: logging in as user <userAlias>","args":[{"durationMs":2563}]}
{"timestamp":"2026-10-08T10:38:35.641Z","level":"info","pid":252,"runner":"pid-252","prefix":"Gauge","message":"Step START: verifying user is redirected to \"/ai/chat/new\""}
{"timestamp":"2026-10-08T10:38:36.033Z","level":"info","pid":252,"runner":"pid-252","prefix":"Gauge","message":"Step PASS: verifying user is redirected to \"/ai/chat/new\"","args":[{"durationMs":392}]}
{"timestamp":"2026-10-08T10:38:36.035Z","level":"info","pid":252,"runner":"pid-252","prefix":"Gauge","message":"Step START: skipping xyne-ai-onboarding overlay"}
{"timestamp":"2026-10-08T10:38:36.047Z","level":"info","pid":252,"runner":"pid-252","prefix":"Gauge","message":"Step PASS: skipping xyne-ai-onboarding overlay","args":[{"durationMs":12}]}
{"timestamp":"2026-10-08T10:38:36.049Z","level":"info","pid":252,"runner":"pid-252","prefix":"Gauge","message":"Step START: Creating personal Desk channel \"channel-desk-ai-rewrite-controls\" for user \"admin-1\" in project \"project-1\""}
{"timestamp":"2026-10-08T10:38:36.153Z","level":"info","pid":252,"runner":"pid-252","prefix":"Gauge","message":"Step PASS: Creating personal Desk channel \"channel-desk-ai-rewrite-controls\" for user \"admin-1\" in project \"project-1\"","args":[{"durationMs":104}]}
{"timestamp":"2026-10-08T10:38:36.155Z","level":"info","pid":252,"runner":"pid-252","prefix":"Gauge","message":"Step START: generating mock incoming Desk email \"ai-rewrite-mail-1\""}
{"timestamp":"2026-10-08T10:38:36.156Z","level":"info","pid":252,"runner":"pid-252","prefix":"Gauge","message":"Step PASS: generating mock incoming Desk email \"ai-rewrite-mail-1\"","args":[{"durationMs":1}]}
{"timestamp":"2026-10-08T10:38:36.157Z","level":"info","pid":252,"runner":"pid-252","prefix":"Gauge","message":"Step START: injecting mock incoming Desk email \"ai-rewrite-mail-1\" into channel \"channel-desk-ai-rewrite-controls\" for user \"admin-1\""}
{"timestamp":"2026-10-08T10:38:36.260Z","level":"info","pid":252,"runner":"pid-252","prefix":"Gauge","message":"Step PASS: injecting mock incoming Desk email \"ai-rewrite-mail-1\" into channel \"channel-desk-ai-rewrite-controls\" for user \"admin-1\"","args":[{"durationMs":103}]}
{"timestamp":"2026-10-08T10:38:36.262Z","level":"info","pid":252,"runner":"pid-252","prefix":"Gauge","message":"Step START: verifying mock Desk email \"ai-rewrite-mail-1\" was ingested"}
{"timestamp":"2026-10-08T10:38:36.276Z","level":"info","pid":252,"runner":"pid-252","prefix":"Gauge","message":"Step PASS: verifying mock Desk email \"ai-rewrite-mail-1\" was ingested","args":[{"durationMs":14}]}
{"timestamp":"2026-10-08T10:38:36.278Z","level":"info","pid":252,"runner":"pid-252","prefix":"Gauge","message":"Step START: verifying Desk compose control is available for channel \"channel-desk-ai-rewrite-controls\" user \"admin-1\""}
{"timestamp":"2026-10-08T10:38:42.808Z","level":"info","pid":252,"runner":"pid-252","prefix":"Gauge","message":"Step PASS: verifying Desk compose control is available for channel \"channel-desk-ai-rewrite-controls\" user \"admin-1\"","args":[{"durationMs":6530}]}
{"timestamp":"2026-10-08T10:38:42.825Z","level":"info","pid":252,"runner":"pid-252","prefix":"Gauge","message":"Step START: verifying Desk AI and rewrite controls are available for email \"ai-rewrite-mail-1\""}
{"timestamp":"2026-10-08T10:38:50.641Z","level":"info","pid":252,"runner":"pid-252","prefix":"Gauge","message":"Step PASS: verifying Desk AI and rewrite controls are available for email \"ai-rewrite-mail-1\"","args":[{"durationMs":7816}]}
{"timestamp":"2026-10-08T10:38:50.676Z","level":"info","pid":252,"runner":"pid-252","prefix":"Gauge","message":"Step START: using browser"}
{"timestamp":"2026-10-08T10:38:50.678Z","level":"info","pid":252,"runner":"pid-252","prefix":"Gauge","message":"Reusing idle browser from pool","args":[{"browserType":"chromium"}]}
{"timestamp":"2026-10-08T10:38:50.716Z","level":"info","pid":252,"runner":"pid-252","prefix":"Gauge","message":"Step PASS: using browser","args":[{"durationMs":40}]}
{"timestamp":"2026-10-08T10:38:50.718Z","level":"info","pid":252,"runner":"pid-252","prefix":"Gauge","message":"Step START: ensuring user is not logged in"}
{"timestamp":"2026-10-08T10:38:50.721Z","level":"info","pid":252,"runner":"pid-252","prefix":"Gauge","message":"Step PASS: ensuring user is not logged in","args":[{"durationMs":3}]}
{"timestamp":"2026-10-08T10:38:50.722Z","level":"info","pid":252,"runner":"pid-252","prefix":"Gauge","message":"Step START: logging in as user <userAlias>"}
{"timestamp":"2026-10-08T10:38:52.772Z","level":"info","pid":252,"runner":"pid-252","prefix":"Gauge","message":"Step PASS: logging in as user <userAlias>","args":[{"durationMs":2050}]}
{"timestamp":"2026-10-08T10:38:52.776Z","level":"info","pid":252,"runner":"pid-252","prefix":"Gauge","message":"Step START: verifying user is redirected to \"/ai/chat/new\""}
{"timestamp":"2026-10-08T10:38:54.345Z","level":"info","pid":252,"runner":"pid-252","prefix":"Gauge","message":"Step PASS: verifying user is redirected to \"/ai/chat/new\"","args":[{"durationMs":1569}]}
{"timestamp":"2026-10-08T10:38:54.348Z","level":"info","pid":252,"runner":"pid-252","prefix":"Gauge","message":"Step START: skipping xyne-ai-onboarding overlay"}
{"timestamp":"2026-10-08T10:38:54.351Z","level":"info","pid":252,"runner":"pid-252","prefix":"Gauge","message":"Step PASS: skipping xyne-ai-onboarding overlay","args":[{"durationMs":3}]}
{"timestamp":"2026-10-08T10:38:54.353Z","level":"info","pid":252,"runner":"pid-252","prefix":"Gauge","message":"Step START: Creating personal Desk channel \"channel-desk-pubsub-bulk\" for user \"admin-1\" in project \"project-1\""}
{"timestamp":"2026-10-08T10:38:54.426Z","level":"info","pid":252,"runner":"pid-252","prefix":"Gauge","message":"Step PASS: Creating personal Desk channel \"channel-desk-pubsub-bulk\" for user \"admin-1\" in project \"project-1\"","args":[{"durationMs":73}]}
{"timestamp":"2026-10-08T10:38:54.429Z","level":"info","pid":252,"runner":"pid-252","prefix":"Gauge","message":"Step START: Creating personal Desk channel \"channel-desk-pubsub-bulk-other\" for user \"admin-1\" in project \"project-1\""}
{"timestamp":"2026-10-08T10:38:54.499Z","level":"info","pid":252,"runner":"pid-252","prefix":"Gauge","message":"Step PASS: Creating personal Desk channel \"channel-desk-pubsub-bulk-other\" for user \"admin-1\" in project \"project-1\"","args":[{"durationMs":70}]}
{"timestamp":"2026-10-08T10:38:54.501Z","level":"info","pid":252,"runner":"pid-252","prefix":"Gauge","message":"Step START: generating \"25\" deterministic Pub/Sub Gmail messages as batch \"pubsub-bulk-1\""}
{"timestamp":"2026-10-08T10:38:54.503Z","level":"info","pid":252,"runner":"pid-252","prefix":"Gauge","message":"Step PASS: generating \"25\" deterministic Pub/Sub Gmail messages as batch \"pubsub-bulk-1\"","args":[{"durationMs":2}]}
{"timestamp":"2026-10-08T10:38:54.504Z","level":"info","pid":252,"runner":"pid-252","prefix":"Gauge","message":"Step START: generating \"10\" deterministic Pub/Sub Gmail messages as batch \"pubsub-bulk-other-1\""}
{"timestamp":"2026-10-08T10:38:54.505Z","level":"info","pid":252,"runner":"pid-252","prefix":"Gauge","message":"Step PASS: generating \"10\" deterministic Pub/Sub Gmail messages as batch \"pubsub-bulk-other-1\"","args":[{"durationMs":1}]}
{"timestamp":"2026-10-08T10:38:54.505Z","level":"info","pid":252,"runner":"pid-252","prefix":"Gauge","message":"Step START: publishing deterministic Pub/Sub batch \"pubsub-bulk-1\" to Desk channel \"channel-desk-pubsub-bulk\" for user \"admin-1\""}
{"timestamp":"2026-10-08T10:41:53.121Z","level":"info","pid":252,"runner":"pid-252","prefix":"Gauge","message":"Step PASS: publishing deterministic Pub/Sub batch \"pubsub-bulk-1\" to Desk channel \"channel-desk-pubsub-bulk\" for user \"admin-1\"","args":[{"durationMs":178616}]}
{"timestamp":"2026-10-08T10:41:53.137Z","level":"info","pid":252,"runner":"pid-252","prefix":"Gauge","message":"Step START: publishing deterministic Pub/Sub batch \"pubsub-bulk-other-1\" to Desk channel \"channel-desk-pubsub-bulk-other\" for user \"admin-1\""}
{"timestamp":"2026-10-08T10:43:04.733Z","level":"info","pid":252,"runner":"pid-252","prefix":"Gauge","message":"Step PASS: publishing deterministic Pub/Sub batch \"pubsub-bulk-other-1\" to Desk channel \"channel-desk-pubsub-bulk-other\" for user \"admin-1\"","args":[{"durationMs":71596}]}
{"timestamp":"2026-10-08T10:43:04.746Z","level":"info","pid":252,"runner":"pid-252","prefix":"Gauge","message":"Step START: republishing deterministic Pub/Sub batch \"pubsub-bulk-1\" to Desk channel \"channel-desk-pubsub-bulk\" for user \"admin-1\""}
{"timestamp":"2026-10-08T10:43:04.874Z","level":"info","pid":252,"runner":"pid-252","prefix":"Gauge","message":"Step PASS: republishing deterministic Pub/Sub batch \"pubsub-bulk-1\" to Desk channel \"channel-desk-pubsub-bulk\" for user \"admin-1\"","args":[{"durationMs":128}]}
{"timestamp":"2026-10-08T10:43:04.876Z","level":"info","pid":252,"runner":"pid-252","prefix":"Gauge","message":"Step START: verifying Desk channel \"channel-desk-pubsub-bulk-other\" has no tickets from Pub/Sub batch \"pubsub-bulk-1\" for user \"admin-1\""}
{"timestamp":"2026-10-08T10:43:04.887Z","level":"info","pid":252,"runner":"pid-252","prefix":"Gauge","message":"Step PASS: verifying Desk channel \"channel-desk-pubsub-bulk-other\" has no tickets from Pub/Sub batch \"pubsub-bulk-1\" for user \"admin-1\"","args":[{"durationMs":11}]}
{"timestamp":"2026-10-08T10:43:04.889Z","level":"info","pid":252,"runner":"pid-252","prefix":"Gauge","message":"Step START: verifying Desk channel \"channel-desk-pubsub-bulk\" has no tickets from Pub/Sub batch \"pubsub-bulk-other-1\" for user \"admin-1\""}
{"timestamp":"2026-10-08T10:43:04.904Z","level":"info","pid":252,"runner":"pid-252","prefix":"Gauge","message":"Step PASS: verifying Desk channel \"channel-desk-pubsub-bulk\" has no tickets from Pub/Sub batch \"pubsub-bulk-other-1\" for user \"admin-1\"","args":[{"durationMs":15}]}
{"timestamp":"2026-10-08T10:43:04.944Z","level":"info","pid":252,"runner":"pid-252","prefix":"Gauge","message":"Step START: using browser"}
{"timestamp":"2026-10-08T10:43:04.946Z","level":"info","pid":252,"runner":"pid-252","prefix":"Gauge","message":"Reusing idle browser from pool","args":[{"browserType":"chromium"}]}
{"timestamp":"2026-10-08T10:43:05.016Z","level":"info","pid":252,"runner":"pid-252","prefix":"Gauge","message":"Step PASS: using browser","args":[{"durationMs":72}]}
{"timestamp":"2026-10-08T10:43:05.019Z","level":"info","pid":252,"runner":"pid-252","prefix":"Gauge","message":"Step START: ensuring user is not logged in"}
{"timestamp":"2026-10-08T10:43:05.023Z","level":"info","pid":252,"runner":"pid-252","prefix":"Gauge","message":"Step PASS: ensuring user is not logged in","args":[{"durationMs":4}]}
{"timestamp":"2026-10-08T10:43:05.026Z","level":"info","pid":252,"runner":"pid-252","prefix":"Gauge","message":"Step START: logging in as user <userAlias>"}
{"timestamp":"2026-10-08T10:43:07.297Z","level":"info","pid":252,"runner":"pid-252","prefix":"Gauge","message":"Step PASS: logging in as user <userAlias>","args":[{"durationMs":2271}]}
{"timestamp":"2026-10-08T10:43:07.299Z","level":"info","pid":252,"runner":"pid-252","prefix":"Gauge","message":"Step START: verifying user is redirected to \"/ai/chat/new\""}
{"timestamp":"2026-10-08T10:43:07.800Z","level":"info","pid":252,"runner":"pid-252","prefix":"Gauge","message":"Step PASS: verifying user is redirected to \"/ai/chat/new\"","args":[{"durationMs":501}]}
{"timestamp":"2026-10-08T10:43:07.802Z","level":"info","pid":252,"runner":"pid-252","prefix":"Gauge","message":"Step START: skipping xyne-ai-onboarding overlay"}
{"timestamp":"2026-10-08T10:43:07.809Z","level":"info","pid":252,"runner":"pid-252","prefix":"Gauge","message":"Step PASS: skipping xyne-ai-onboarding overlay","args":[{"durationMs":7}]}
{"timestamp":"2026-10-08T10:43:07.810Z","level":"info","pid":252,"runner":"pid-252","prefix":"Gauge","message":"Step START: Creating personal Desk channel \"channel-desk-pubsub-retry\" for user \"admin-1\" in project \"project-1\""}
{"timestamp":"2026-10-08T10:43:07.924Z","level":"info","pid":252,"runner":"pid-252","prefix":"Gauge","message":"Step PASS: Creating personal Desk channel \"channel-desk-pubsub-retry\" for user \"admin-1\" in project \"project-1\"","args":[{"durationMs":114}]}
{"timestamp":"2026-10-08T10:43:07.926Z","level":"info","pid":252,"runner":"pid-252","prefix":"Gauge","message":"Step START: generating \"10\" deterministic Pub/Sub Gmail messages as batch \"pubsub-retry-1\""}
{"timestamp":"2026-10-08T10:43:07.927Z","level":"info","pid":252,"runner":"pid-252","prefix":"Gauge","message":"Step PASS: generating \"10\" deterministic Pub/Sub Gmail messages as batch \"pubsub-retry-1\"","args":[{"durationMs":1}]}
{"timestamp":"2026-10-08T10:43:07.928Z","level":"info","pid":252,"runner":"pid-252","prefix":"Gauge","message":"Step START: publishing deterministic Pub/Sub batch \"pubsub-retry-1\" to Desk channel \"channel-desk-pubsub-retry\" for user \"admin-1\" failing at message \"4\""}
{"timestamp":"2026-10-08T10:43:36.537Z","level":"info","pid":252,"runner":"pid-252","prefix":"Gauge","message":"Step PASS: publishing deterministic Pub/Sub batch \"pubsub-retry-1\" to Desk channel \"channel-desk-pubsub-retry\" for user \"admin-1\" failing at message \"4\"","args":[{"durationMs":28609}]}
{"timestamp":"2026-10-08T10:43:36.552Z","level":"info","pid":252,"runner":"pid-252","prefix":"Gauge","message":"Step START: redelivering failed Pub/Sub batch \"pubsub-retry-1\" to Desk channel \"channel-desk-pubsub-retry\" for user \"admin-1\""}
{"timestamp":"2026-10-08T10:44:19.487Z","level":"info","pid":252,"runner":"pid-252","prefix":"Gauge","message":"Step PASS: redelivering failed Pub/Sub batch \"pubsub-retry-1\" to Desk channel \"channel-desk-pubsub-retry\" for user \"admin-1\"","args":[{"durationMs":42935}]}
{"timestamp":"2026-10-08T10:44:19.501Z","level":"info","pid":252,"runner":"pid-252","prefix":"Gauge","message":"Step START: republishing deterministic Pub/Sub batch \"pubsub-retry-1\" to Desk channel \"channel-desk-pubsub-retry\" for user \"admin-1\""}
{"timestamp":"2026-10-08T10:44:19.549Z","level":"info","pid":252,"runner":"pid-252","prefix":"Gauge","message":"Step PASS: republishing deterministic Pub/Sub batch \"pubsub-retry-1\" to Desk channel \"channel-desk-pubsub-retry\" for user \"admin-1\"","args":[{"durationMs":48}]}
{"timestamp":"2026-10-08T10:44:19.598Z","level":"info","pid":252,"runner":"pid-252","prefix":"Gauge","message":"Step START: using a browser with viewport \"1920\"x\"1080\""}
{"timestamp":"2026-10-08T10:44:19.601Z","level":"info","pid":252,"runner":"pid-252","prefix":"Gauge","message":"Reusing idle browser from pool","args":[{"browserType":"chromium"}]}
{"timestamp":"2026-10-08T10:44:19.646Z","level":"info","pid":252,"runner":"pid-252","prefix":"Gauge","message":"Step PASS: using a browser with viewport \"1920\"x\"1080\"","args":[{"durationMs":48}]}
{"timestamp":"2026-10-08T10:44:19.648Z","level":"info","pid":252,"runner":"pid-252","prefix":"Gauge","message":"Step START: ensuring user is not logged in"}
{"timestamp":"2026-10-08T10:44:19.651Z","level":"info","pid":252,"runner":"pid-252","prefix":"Gauge","message":"Step PASS: ensuring user is not logged in","args":[{"durationMs":3}]}
{"timestamp":"2026-10-08T10:44:19.652Z","level":"info","pid":252,"runner":"pid-252","prefix":"Gauge","message":"Step START: logging in as user <userAlias>"}
{"timestamp":"2026-10-08T10:44:33.820Z","level":"info","pid":252,"runner":"pid-252","prefix":"Gauge","message":"Step PASS: logging in as user <userAlias>","args":[{"durationMs":14168}]}
{"timestamp":"2026-10-08T10:44:33.823Z","level":"info","pid":252,"runner":"pid-252","prefix":"Gauge","message":"Step START: verifying user is redirected to \"/ai/chat/new\""}
{"timestamp":"2026-10-08T10:44:34.239Z","level":"info","pid":252,"runner":"pid-252","prefix":"Gauge","message":"Step PASS: verifying user is redirected to \"/ai/chat/new\"","args":[{"durationMs":416}]}
{"timestamp":"2026-10-08T10:44:34.242Z","level":"info","pid":252,"runner":"pid-252","prefix":"Gauge","message":"Step START: skipping xyne-ai-onboarding overlay"}
{"timestamp":"2026-10-08T10:44:34.302Z","level":"info","pid":252,"runner":"pid-252","prefix":"Gauge","message":"Step PASS: skipping xyne-ai-onboarding overlay","args":[{"durationMs":60}]}
{"timestamp":"2026-10-08T10:44:34.304Z","level":"info","pid":252,"runner":"pid-252","prefix":"Gauge","message":"Step START: Creating personal Desk channel \"channel-desk-recipients-filters\" for user \"admin-1\" in project \"project-1\""}
{"timestamp":"2026-10-08T10:44:34.408Z","level":"info","pid":252,"runner":"pid-252","prefix":"Gauge","message":"Step PASS: Creating personal Desk channel \"channel-desk-recipients-filters\" for user \"admin-1\" in project \"project-1\"","args":[{"durationMs":104}]}
{"timestamp":"2026-10-08T10:44:34.409Z","level":"info","pid":252,"runner":"pid-252","prefix":"Gauge","message":"Step START: generating mock incoming Desk email \"recipient-filter-mail-1\" with reply-all recipients and attachment"}
{"timestamp":"2026-10-08T10:44:34.410Z","level":"info","pid":252,"runner":"pid-252","prefix":"Gauge","message":"Step PASS: generating mock incoming Desk email \"recipient-filter-mail-1\" with reply-all recipients and attachment","args":[{"durationMs":1}]}
{"timestamp":"2026-10-08T10:44:34.412Z","level":"info","pid":252,"runner":"pid-252","prefix":"Gauge","message":"Step START: injecting mock incoming Desk email \"recipient-filter-mail-1\" into channel \"channel-desk-recipients-filters\" for user \"admin-1\""}
{"timestamp":"2026-10-08T10:44:34.510Z","level":"info","pid":252,"runner":"pid-252","prefix":"Gauge","message":"Step PASS: injecting mock incoming Desk email \"recipient-filter-mail-1\" into channel \"channel-desk-recipients-filters\" for user \"admin-1\"","args":[{"durationMs":98}]}
{"timestamp":"2026-10-08T10:44:34.512Z","level":"info","pid":252,"runner":"pid-252","prefix":"Gauge","message":"Step START: verifying mock Desk email \"recipient-filter-mail-1\" was ingested"}
{"timestamp":"2026-10-08T10:44:34.524Z","level":"info","pid":252,"runner":"pid-252","prefix":"Gauge","message":"Step PASS: verifying mock Desk email \"recipient-filter-mail-1\" was ingested","args":[{"durationMs":12}]}
{"timestamp":"2026-10-08T10:44:34.525Z","level":"info","pid":252,"runner":"pid-252","prefix":"Gauge","message":"Step START: replying to mock Desk email \"recipient-filter-mail-1\" from channel \"channel-desk-recipients-filters\" for user \"admin-1\""}
{"timestamp":"2026-10-08T10:44:41.922Z","level":"info","pid":252,"runner":"pid-252","prefix":"Gauge","message":"Step PASS: replying to mock Desk email \"recipient-filter-mail-1\" from channel \"channel-desk-recipients-filters\" for user \"admin-1\"","args":[{"durationMs":7397}]}
{"timestamp":"2026-10-08T10:44:41.933Z","level":"info","pid":252,"runner":"pid-252","prefix":"Gauge","message":"Step START: verifying mock Desk sent mail count is \"1\" for incoming email \"recipient-filter-mail-1\""}
{"timestamp":"2026-10-08T10:44:41.946Z","level":"info","pid":252,"runner":"pid-252","prefix":"Gauge","message":"Step PASS: verifying mock Desk sent mail count is \"1\" for incoming email \"recipient-filter-mail-1\"","args":[{"durationMs":13}]}
{"timestamp":"2026-10-08T10:44:41.948Z","level":"info","pid":252,"runner":"pid-252","prefix":"Gauge","message":"Step START: verifying latest mock Desk sent mail matches incoming email \"recipient-filter-mail-1\""}
{"timestamp":"2026-10-08T10:44:41.956Z","level":"info","pid":252,"runner":"pid-252","prefix":"Gauge","message":"Step PASS: verifying latest mock Desk sent mail matches incoming email \"recipient-filter-mail-1\"","args":[{"durationMs":8}]}
{"timestamp":"2026-10-08T10:44:41.957Z","level":"info","pid":252,"runner":"pid-252","prefix":"Gauge","message":"Step START: replying all to mock Desk email \"recipient-filter-mail-1\" from channel \"channel-desk-recipients-filters\" for user \"admin-1\""}
{"timestamp":"2026-10-08T10:44:45.598Z","level":"info","pid":252,"runner":"pid-252","prefix":"Gauge","message":"Step PASS: replying all to mock Desk email \"recipient-filter-mail-1\" from channel \"channel-desk-recipients-filters\" for user \"admin-1\"","args":[{"durationMs":3641}]}
{"timestamp":"2026-10-08T10:44:45.607Z","level":"info","pid":252,"runner":"pid-252","prefix":"Gauge","message":"Step START: verifying mock Desk sent mail count is \"2\" for incoming email \"recipient-filter-mail-1\""}
{"timestamp":"2026-10-08T10:44:45.616Z","level":"info","pid":252,"runner":"pid-252","prefix":"Gauge","message":"Step PASS: verifying mock Desk sent mail count is \"2\" for incoming email \"recipient-filter-mail-1\"","args":[{"durationMs":9}]}
{"timestamp":"2026-10-08T10:44:45.618Z","level":"info","pid":252,"runner":"pid-252","prefix":"Gauge","message":"Step START: verifying latest mock Desk sent reply-all mail matches incoming email \"recipient-filter-mail-1\""}
{"timestamp":"2026-10-08T10:44:45.625Z","level":"info","pid":252,"runner":"pid-252","prefix":"Gauge","message":"Step PASS: verifying latest mock Desk sent reply-all mail matches incoming email \"recipient-filter-mail-1\"","args":[{"durationMs":7}]}
{"timestamp":"2026-10-08T10:44:45.626Z","level":"info","pid":252,"runner":"pid-252","prefix":"Gauge","message":"Step START: verifying Desk priority and status filters work for channel \"channel-desk-recipients-filters\" user \"admin-1\""}
{"timestamp":"2026-10-08T10:44:52.540Z","level":"info","pid":252,"runner":"pid-252","prefix":"Gauge","message":"Step PASS: verifying Desk priority and status filters work for channel \"channel-desk-recipients-filters\" user \"admin-1\"","args":[{"durationMs":6914}]}
{"timestamp":"2026-10-08T10:44:52.563Z","level":"info","pid":252,"runner":"pid-252","prefix":"Gauge","message":"Step START: using browser"}
{"timestamp":"2026-10-08T10:44:52.565Z","level":"info","pid":252,"runner":"pid-252","prefix":"Gauge","message":"Reusing idle browser from pool","args":[{"browserType":"chromium"}]}
{"timestamp":"2026-10-08T10:44:52.592Z","level":"info","pid":252,"runner":"pid-252","prefix":"Gauge","message":"Step PASS: using browser","args":[{"durationMs":29}]}
{"timestamp":"2026-10-08T10:44:52.594Z","level":"info","pid":252,"runner":"pid-252","prefix":"Gauge","message":"Step START: ensuring user is not logged in"}
{"timestamp":"2026-10-08T10:44:52.596Z","level":"info","pid":252,"runner":"pid-252","prefix":"Gauge","message":"Step PASS: ensuring user is not logged in","args":[{"durationMs":2}]}
{"timestamp":"2026-10-08T10:44:52.598Z","level":"info","pid":252,"runner":"pid-252","prefix":"Gauge","message":"Step START: logging in as user <userAlias>"}
{"timestamp":"2026-10-08T10:44:54.567Z","level":"info","pid":252,"runner":"pid-252","prefix":"Gauge","message":"Step PASS: logging in as user <userAlias>","args":[{"durationMs":1969}]}
{"timestamp":"2026-10-08T10:44:54.570Z","level":"info","pid":252,"runner":"pid-252","prefix":"Gauge","message":"Step START: verifying user is redirected to \"/ai/chat/new\""}
{"timestamp":"2026-10-08T10:44:55.446Z","level":"info","pid":252,"runner":"pid-252","prefix":"Gauge","message":"Step PASS: verifying user is redirected to \"/ai/chat/new\"","args":[{"durationMs":876}]}
{"timestamp":"2026-10-08T10:44:55.448Z","level":"info","pid":252,"runner":"pid-252","prefix":"Gauge","message":"Step START: skipping xyne-ai-onboarding overlay"}
{"timestamp":"2026-10-08T10:44:55.451Z","level":"info","pid":252,"runner":"pid-252","prefix":"Gauge","message":"Step PASS: skipping xyne-ai-onboarding overlay","args":[{"durationMs":3}]}
{"timestamp":"2026-10-08T10:44:55.452Z","level":"info","pid":252,"runner":"pid-252","prefix":"Gauge","message":"Step START: Creating personal Desk channel \"channel-desk-auto-merge-off\" for user \"admin-1\" in project \"project-1\""}
{"timestamp":"2026-10-08T10:44:55.554Z","level":"info","pid":252,"runner":"pid-252","prefix":"Gauge","message":"Step PASS: Creating personal Desk channel \"channel-desk-auto-merge-off\" for user \"admin-1\" in project \"project-1\"","args":[{"durationMs":102}]}
{"timestamp":"2026-10-08T10:44:55.556Z","level":"info","pid":252,"runner":"pid-252","prefix":"Gauge","message":"Step START: setting Desk auto-merge \"off\" for channel \"channel-desk-auto-merge-off\" user \"admin-1\""}
{"timestamp":"2026-10-08T10:44:55.581Z","level":"info","pid":252,"runner":"pid-252","prefix":"Gauge","message":"Step PASS: setting Desk auto-merge \"off\" for channel \"channel-desk-auto-merge-off\" user \"admin-1\"","args":[{"durationMs":25}]}
{"timestamp":"2026-10-08T10:44:55.586Z","level":"info","pid":252,"runner":"pid-252","prefix":"Gauge","message":"Step START: generating mock Desk email pair \"auto-merge-off-mail-1\" and \"auto-merge-off-mail-2\" with the same subject and domain"}
{"timestamp":"2026-10-08T10:44:55.588Z","level":"info","pid":252,"runner":"pid-252","prefix":"Gauge","message":"Step PASS: generating mock Desk email pair \"auto-merge-off-mail-1\" and \"auto-merge-off-mail-2\" with the same subject and domain","args":[{"durationMs":2}]}
{"timestamp":"2026-10-08T10:44:55.590Z","level":"info","pid":252,"runner":"pid-252","prefix":"Gauge","message":"Step START: injecting mock incoming Desk email \"auto-merge-off-mail-1\" into channel \"channel-desk-auto-merge-off\" for user \"admin-1\""}
{"timestamp":"2026-10-08T10:44:55.681Z","level":"info","pid":252,"runner":"pid-252","prefix":"Gauge","message":"Step PASS: injecting mock incoming Desk email \"auto-merge-off-mail-1\" into channel \"channel-desk-auto-merge-off\" for user \"admin-1\"","args":[{"durationMs":91}]}
{"timestamp":"2026-10-08T10:44:55.683Z","level":"info","pid":252,"runner":"pid-252","prefix":"Gauge","message":"Step START: injecting mock incoming Desk email \"auto-merge-off-mail-2\" into channel \"channel-desk-auto-merge-off\" for user \"admin-1\""}
{"timestamp":"2026-10-08T10:44:55.758Z","level":"info","pid":252,"runner":"pid-252","prefix":"Gauge","message":"Step PASS: injecting mock incoming Desk email \"auto-merge-off-mail-2\" into channel \"channel-desk-auto-merge-off\" for user \"admin-1\"","args":[{"durationMs":75}]}
{"timestamp":"2026-10-08T10:44:55.759Z","level":"info","pid":252,"runner":"pid-252","prefix":"Gauge","message":"Step START: verifying mock Desk emails \"auto-merge-off-mail-1\" and \"auto-merge-off-mail-2\" have separate conversations"}
{"timestamp":"2026-10-08T10:44:55.761Z","level":"info","pid":252,"runner":"pid-252","prefix":"Gauge","message":"Step PASS: verifying mock Desk emails \"auto-merge-off-mail-1\" and \"auto-merge-off-mail-2\" have separate conversations","args":[{"durationMs":2}]}
{"timestamp":"2026-10-08T10:44:55.762Z","level":"info","pid":252,"runner":"pid-252","prefix":"Gauge","message":"Step START: merging mock Desk ticket \"auto-merge-off-mail-1\" into \"auto-merge-off-mail-2\" as user \"admin-1\""}
{"timestamp":"2026-10-08T10:44:55.799Z","level":"info","pid":252,"runner":"pid-252","prefix":"Gauge","message":"Step PASS: merging mock Desk ticket \"auto-merge-off-mail-1\" into \"auto-merge-off-mail-2\" as user \"admin-1\"","args":[{"durationMs":37}]}
{"timestamp":"2026-10-08T10:44:55.800Z","level":"info","pid":252,"runner":"pid-252","prefix":"Gauge","message":"Step START: verifying mock Desk ticket \"auto-merge-off-mail-1\" is merged into \"auto-merge-off-mail-2\""}
{"timestamp":"2026-10-08T10:44:55.825Z","level":"info","pid":252,"runner":"pid-252","prefix":"Gauge","message":"Step PASS: verifying mock Desk ticket \"auto-merge-off-mail-1\" is merged into \"auto-merge-off-mail-2\"","args":[{"durationMs":25}]}
{"timestamp":"2026-10-08T10:44:55.826Z","level":"info","pid":252,"runner":"pid-252","prefix":"Gauge","message":"Step START: unmerging mock Desk ticket \"auto-merge-off-mail-1\" through the UI for user \"admin-1\""}
{"timestamp":"2026-10-08T10:45:02.776Z","level":"info","pid":252,"runner":"pid-252","prefix":"Gauge","message":"Step PASS: unmerging mock Desk ticket \"auto-merge-off-mail-1\" through the UI for user \"admin-1\"","args":[{"durationMs":6950}]}
{"timestamp":"2026-10-08T10:45:02.779Z","level":"info","pid":252,"runner":"pid-252","prefix":"Gauge","message":"Step START: verifying mock Desk ticket \"auto-merge-off-mail-1\" is unmerged"}
{"timestamp":"2026-10-08T10:45:02.801Z","level":"info","pid":252,"runner":"pid-252","prefix":"Gauge","message":"Step PASS: verifying mock Desk ticket \"auto-merge-off-mail-1\" is unmerged","args":[{"durationMs":22}]}
