 Container xyne-test-feature-xyne-59771-implement-x-0-1791455764693-fluent-bit  Stopping
 Container xyne-test-feature-xyne-59771-implement-x-0-1791455764693-superposition  Stopping
 Container xyne-test-feature-xyne-59771-implement-x-0-1791455764693-ysweet  Stopping
 Container xyne-test-feature-xyne-59771-implement-x-0-1791455764693-automation  Stopping
 Container xyne-test-feature-xyne-59771-implement-x-0-1791455764693-fluent-bit  Stopped
 Container xyne-test-feature-xyne-59771-implement-x-0-1791455764693-fluent-bit  Removing
 Container xyne-test-feature-xyne-59771-implement-x-0-1791455764693-fluent-bit  Removed
 Container xyne-test-feature-xyne-59771-implement-x-0-1791455764693-victorialogs-errors  Stopping
 Container xyne-test-feature-xyne-59771-implement-x-0-1791455764693-victorialogs-errors  Stopped
 Container xyne-test-feature-xyne-59771-implement-x-0-1791455764693-victorialogs-errors  Removing
 Container xyne-test-feature-xyne-59771-implement-x-0-1791455764693-victorialogs-errors  Removed
 Container xyne-test-feature-xyne-59771-implement-x-0-1791455764693-automation  Stopped
 Container xyne-test-feature-xyne-59771-implement-x-0-1791455764693-automation  Removing
 Container xyne-test-feature-xyne-59771-implement-x-0-1791455764693-automation  Removed
 Container xyne-test-feature-xyne-59771-implement-x-0-1791455764693-dashboard  Stopping
 Container xyne-test-feature-xyne-59771-implement-x-0-1791455764693-superposition  Stopped
 Container xyne-test-feature-xyne-59771-implement-x-0-1791455764693-superposition  Removing
 Container xyne-test-feature-xyne-59771-implement-x-0-1791455764693-superposition  Removed
 Container xyne-test-feature-xyne-59771-implement-x-0-1791455764693-ysweet  Stopped
 Container xyne-test-feature-xyne-59771-implement-x-0-1791455764693-ysweet  Removing
 Container xyne-test-feature-xyne-59771-implement-x-0-1791455764693-ysweet  Removed
 Container xyne-test-feature-xyne-59771-implement-x-0-1791455764693-dashboard  Stopped
 Container xyne-test-feature-xyne-59771-implement-x-0-1791455764693-dashboard  Removing
 Container xyne-test-feature-xyne-59771-implement-x-0-1791455764693-dashboard  Removed
 Container xyne-test-feature-xyne-59771-implement-x-0-1791455764693-backend  Stopping
 Container xyne-test-feature-xyne-59771-implement-x-0-1791455764693-backend  Stopped
 Container xyne-test-feature-xyne-59771-implement-x-0-1791455764693-backend  Removing
 Container xyne-test-feature-xyne-59771-implement-x-0-1791455764693-backend  Removed
 Container xyne-test-feature-xyne-59771-implement-x-0-1791455764693-livekit  Stopping
 Container xyne-test-feature-xyne-59771-implement-x-0-1791455764693-zero-cache  Stopping
 Container xyne-test-feature-xyne-59771-implement-x-0-1791455764693-fake-gcs  Stopping
 Container xyne-test-feature-xyne-59771-implement-x-0-1791455764693-fake-gcs  Stopped
 Container xyne-test-feature-xyne-59771-implement-x-0-1791455764693-fake-gcs  Removing
 Container xyne-test-feature-xyne-59771-implement-x-0-1791455764693-fake-gcs  Removed
 Container xyne-test-feature-xyne-59771-implement-x-0-1791455764693-livekit  Stopped
 Container xyne-test-feature-xyne-59771-implement-x-0-1791455764693-livekit  Removing
 Container xyne-test-feature-xyne-59771-implement-x-0-1791455764693-livekit  Removed
 Container xyne-test-feature-xyne-59771-implement-x-0-1791455764693-redis  Stopping
 Container xyne-test-feature-xyne-59771-implement-x-0-1791455764693-zero-cache  Stopped
 Container xyne-test-feature-xyne-59771-implement-x-0-1791455764693-zero-cache  Removing
 Container xyne-test-feature-xyne-59771-implement-x-0-1791455764693-zero-cache  Removed
 Container xyne-test-feature-xyne-59771-implement-x-0-1791455764693-backend-migrate  Stopping
 Container xyne-test-feature-xyne-59771-implement-x-0-1791455764693-backend-migrate  Stopped
 Container xyne-test-feature-xyne-59771-implement-x-0-1791455764693-backend-migrate  Removing
 Container xyne-test-feature-xyne-59771-implement-x-0-1791455764693-backend-migrate  Removed
 Container xyne-test-feature-xyne-59771-implement-x-0-1791455764693-postgres  Stopping
 Container xyne-test-feature-xyne-59771-implement-x-0-1791455764693-redis  Stopped
 Container xyne-test-feature-xyne-59771-implement-x-0-1791455764693-redis  Removing
 Container xyne-test-feature-xyne-59771-implement-x-0-1791455764693-redis  Removed
 Container xyne-test-feature-xyne-59771-implement-x-0-1791455764693-postgres  Stopped
 Container xyne-test-feature-xyne-59771-implement-x-0-1791455764693-postgres  Removing
 Container xyne-test-feature-xyne-59771-implement-x-0-1791455764693-postgres  Removed
 Volume xyne-test-feature-xyne-59771-implement-x-0-1791455764693_victorialogs_errors_data  Removing
 Volume xyne-test-feature-xyne-59771-implement-x-0-1791455764693_ysweet_data  Removing
 Network xyne-test-feature-xyne-59771-implement-x-0-1791455764693_default  Removing
 Volume xyne-test-feature-xyne-59771-implement-x-0-1791455764693_ysweet_data  Removed
 Volume xyne-test-feature-xyne-59771-implement-x-0-1791455764693_zero_cache_data  Removing
 Volume xyne-test-feature-xyne-59771-implement-x-0-1791455764693_postgres_data  Removing
 Volume xyne-test-feature-xyne-59771-implement-x-0-1791455764693_victorialogs_errors_data  Removed
 Volume xyne-test-feature-xyne-59771-implement-x-0-1791455764693_fake_gcs_data  Removing
 Volume xyne-test-feature-xyne-59771-implement-x-0-1791455764693_redis_data  Removing
 Volume xyne-test-feature-xyne-59771-implement-x-0-1791455764693_zero_cache_data  Removed
 Network xyne-test-feature-xyne-59771-implement-x-0-1791455764693_default  Removed
 Volume xyne-test-feature-xyne-59771-implement-x-0-1791455764693_postgres_data  Removed
 Volume xyne-test-feature-xyne-59771-implement-x-0-1791455764693_fake_gcs_data  Removed
 Volume xyne-test-feature-xyne-59771-implement-x-0-1791455764693_redis_data  Removed
